Archive member included to satisfy reference by file (symbol)

../../bibliotheque pour TPs\libRobot.a(robot.o)
                              src/main.o (initRobot)
../../bibliotheque pour TPs\libTPsIUT.a(libTPIUT.o)
                              src/main.o (initCarte)
c:/program files (x86)/atmel/studio/7.0/toolchain/arm/arm-gnu-toolchain/bin/../lib/gcc/arm-none-eabi/6.3.1/../../../../arm-none-eabi/lib/thumb/v7-m\libc_nano.a(lib_a-exit.o)
                              c:/program files (x86)/atmel/studio/7.0/toolchain/arm/arm-gnu-toolchain/bin/../lib/gcc/arm-none-eabi/6.3.1/../../../../arm-none-eabi/lib/thumb/v7-m/crt0.o (exit)
c:/program files (x86)/atmel/studio/7.0/toolchain/arm/arm-gnu-toolchain/bin/../lib/gcc/arm-none-eabi/6.3.1/../../../../arm-none-eabi/lib/thumb/v7-m\libc_nano.a(lib_a-impure.o)
                              c:/program files (x86)/atmel/studio/7.0/toolchain/arm/arm-gnu-toolchain/bin/../lib/gcc/arm-none-eabi/6.3.1/../../../../arm-none-eabi/lib/thumb/v7-m\libc_nano.a(lib_a-exit.o) (_global_impure_ptr)
c:/program files (x86)/atmel/studio/7.0/toolchain/arm/arm-gnu-toolchain/bin/../lib/gcc/arm-none-eabi/6.3.1/../../../../arm-none-eabi/lib/thumb/v7-m\libc_nano.a(lib_a-init.o)
                              c:/program files (x86)/atmel/studio/7.0/toolchain/arm/arm-gnu-toolchain/bin/../lib/gcc/arm-none-eabi/6.3.1/../../../../arm-none-eabi/lib/thumb/v7-m/crt0.o (__libc_init_array)
c:/program files (x86)/atmel/studio/7.0/toolchain/arm/arm-gnu-toolchain/bin/../lib/gcc/arm-none-eabi/6.3.1/../../../../arm-none-eabi/lib/thumb/v7-m\libc_nano.a(lib_a-memset.o)
                              c:/program files (x86)/atmel/studio/7.0/toolchain/arm/arm-gnu-toolchain/bin/../lib/gcc/arm-none-eabi/6.3.1/../../../../arm-none-eabi/lib/thumb/v7-m/crt0.o (memset)
c:/program files (x86)/atmel/studio/7.0/toolchain/arm/arm-gnu-toolchain/bin/../lib/gcc/arm-none-eabi/6.3.1/../../../../arm-none-eabi/lib/thumb/v7-m\libc_nano.a(lib_a-nano-vfprintf_float.o)
                              (_printf_float)
c:/program files (x86)/atmel/studio/7.0/toolchain/arm/arm-gnu-toolchain/bin/../lib/gcc/arm-none-eabi/6.3.1/../../../../arm-none-eabi/lib/thumb/v7-m\libc_nano.a(lib_a-nano-vfprintf_i.o)
                              c:/program files (x86)/atmel/studio/7.0/toolchain/arm/arm-gnu-toolchain/bin/../lib/gcc/arm-none-eabi/6.3.1/../../../../arm-none-eabi/lib/thumb/v7-m\libc_nano.a(lib_a-nano-vfprintf_float.o) (_printf_common)
c:/program files (x86)/atmel/studio/7.0/toolchain/arm/arm-gnu-toolchain/bin/../lib/gcc/arm-none-eabi/6.3.1/../../../../arm-none-eabi/lib/thumb/v7-m\libc_nano.a(lib_a-printf.o)
                              src/ASF/sam/utils/syscalls/gcc/syscalls.o (iprintf)
c:/program files (x86)/atmel/studio/7.0/toolchain/arm/arm-gnu-toolchain/bin/../lib/gcc/arm-none-eabi/6.3.1/../../../../arm-none-eabi/lib/thumb/v7-m\libc_nano.a(lib_a-puts.o)
                              ../../bibliotheque pour TPs\libRobot.a(robot.o) (puts)
c:/program files (x86)/atmel/studio/7.0/toolchain/arm/arm-gnu-toolchain/bin/../lib/gcc/arm-none-eabi/6.3.1/../../../../arm-none-eabi/lib/thumb/v7-m\libc_nano.a(lib_a-setbuf.o)
                              ../../bibliotheque pour TPs\libTPsIUT.a(libTPIUT.o) (setbuf)
c:/program files (x86)/atmel/studio/7.0/toolchain/arm/arm-gnu-toolchain/bin/../lib/gcc/arm-none-eabi/6.3.1/../../../../arm-none-eabi/lib/thumb/v7-m\libc_nano.a(lib_a-setvbuf.o)
                              c:/program files (x86)/atmel/studio/7.0/toolchain/arm/arm-gnu-toolchain/bin/../lib/gcc/arm-none-eabi/6.3.1/../../../../arm-none-eabi/lib/thumb/v7-m\libc_nano.a(lib_a-setbuf.o) (setvbuf)
c:/program files (x86)/atmel/studio/7.0/toolchain/arm/arm-gnu-toolchain/bin/../lib/gcc/arm-none-eabi/6.3.1/../../../../arm-none-eabi/lib/thumb/v7-m\libc_nano.a(lib_a-strlen.o)
                              c:/program files (x86)/atmel/studio/7.0/toolchain/arm/arm-gnu-toolchain/bin/../lib/gcc/arm-none-eabi/6.3.1/../../../../arm-none-eabi/lib/thumb/v7-m\libc_nano.a(lib_a-nano-vfprintf_float.o) (strlen)
c:/program files (x86)/atmel/studio/7.0/toolchain/arm/arm-gnu-toolchain/bin/../lib/gcc/arm-none-eabi/6.3.1/../../../../arm-none-eabi/lib/thumb/v7-m\libc_nano.a(lib_a-wbuf.o)
                              c:/program files (x86)/atmel/studio/7.0/toolchain/arm/arm-gnu-toolchain/bin/../lib/gcc/arm-none-eabi/6.3.1/../../../../arm-none-eabi/lib/thumb/v7-m\libc_nano.a(lib_a-puts.o) (__swbuf_r)
c:/program files (x86)/atmel/studio/7.0/toolchain/arm/arm-gnu-toolchain/bin/../lib/gcc/arm-none-eabi/6.3.1/../../../../arm-none-eabi/lib/thumb/v7-m\libc_nano.a(lib_a-wsetup.o)
                              c:/program files (x86)/atmel/studio/7.0/toolchain/arm/arm-gnu-toolchain/bin/../lib/gcc/arm-none-eabi/6.3.1/../../../../arm-none-eabi/lib/thumb/v7-m\libc_nano.a(lib_a-puts.o) (__swsetup_r)
c:/program files (x86)/atmel/studio/7.0/toolchain/arm/arm-gnu-toolchain/bin/../lib/gcc/arm-none-eabi/6.3.1/../../../../arm-none-eabi/lib/thumb/v7-m\libc_nano.a(lib_a-dtoa.o)
[...]
Memory Configuration

Name             Origin             Length             Attributes
rom              0x00080000         0x00080000         xr
sram0            0x20000000         0x00010000         xrw
sram1            0x20080000         0x00008000         xrw
ram              0x20070000         0x00018000         xrw
*default*        0x00000000         0xffffffff

Linker script and memory map

LOAD c:/program files (x86)/atmel/studio/7.0/toolchain/arm/arm-gnu-toolchain/bin/../lib/gcc/arm-none-eabi/6.3.1/thumb/v7-m/crti.o
LOAD c:/program files (x86)/atmel/studio/7.0/toolchain/arm/arm-gnu-toolchain/bin/../lib/gcc/arm-none-eabi/6.3.1/thumb/v7-m/crtbegin.o
LOAD c:/program files (x86)/atmel/studio/7.0/toolchain/arm/arm-gnu-toolchain/bin/../lib/gcc/arm-none-eabi/6.3.1/../../../../arm-none-eabi/lib/thumb/v7-m/crt0.o
LOAD src/ASF/common/utils/interrupt/interrupt_sam_nvic.o
LOAD src/ASF/sam/utils/cmsis/sam3x/source/templates/exceptions.o
LOAD src/ASF/sam/utils/cmsis/sam3x/source/templates/gcc/startup_sam3x.o
LOAD src/ASF/sam/utils/cmsis/sam3x/source/templates/system_sam3x.o
LOAD src/ASF/sam/utils/syscalls/gcc/syscalls.o
LOAD src/main.o
START GROUP
LOAD ../src/ASF/thirdparty/CMSIS/Lib/GCC\libarm_cortexM3l_math.a
LOAD c:/program files (x86)/atmel/studio/7.0/toolchain/arm/arm-gnu-toolchain/bin/../lib/gcc/arm-none-eabi/6.3.1/../../../../arm-none-eabi/lib/thumb/v7-m\libm.a
LOAD ../../bibliotheque pour TPs\libRobot.a
LOAD ../../bibliotheque pour TPs\libTPsIUT.a
END GROUP
LOAD c:/program files (x86)/atmel/studio/7.0/toolchain/arm/arm-gnu-toolchain/bin/../lib/gcc/arm-none-eabi/6.3.1/../../../../arm-none-eabi/lib/thumb/v7-m\libc_nano.a
START GROUP
LOAD c:/program files (x86)/atmel/studio/7.0/toolchain/arm/arm-gnu-toolchain/bin/../lib/gcc/arm-none-eabi/6.3.1/thumb/v7-m\libgcc.a
LOAD c:/program files (x86)/atmel/studio/7.0/toolchain/arm/arm-gnu-toolchain/bin/../lib/gcc/arm-none-eabi/6.3.1/../../../../arm-none-eabi/lib/thumb/v7-m\libc_nano.a
END GROUP
START GROUP
LOAD c:/program files (x86)/atmel/studio/7.0/toolchain/arm/arm-gnu-toolchain/bin/../lib/gcc/arm-none-eabi/6.3.1/thumb/v7-m\libgcc.a
LOAD c:/program files (x86)/atmel/studio/7.0/toolchain/arm/arm-gnu-toolchain/bin/../lib/gcc/arm-none-eabi/6.3.1/../../../../arm-none-eabi/lib/thumb/v7-m\libc_nano.a
END GROUP
LOAD c:/program files (x86)/atmel/studio/7.0/toolchain/arm/arm-gnu-toolchain/bin/../lib/gcc/arm-none-eabi/6.3.1/thumb/v7-m/crtend.o
LOAD c:/program files (x86)/atmel/studio/7.0/toolchain/arm/arm-gnu-toolchain/bin/../lib/gcc/arm-none-eabi/6.3.1/thumb/v7-m/crtn.o
                0x00002000                __stack_size__ = DEFINED (__stack_size__)?__stack_size__:0x2000
                0x20087ffc                __ram_end__ = ((ORIGIN (ram) + LENGTH (ram)) - 0x4)

.text           0x00080000     0x5048
                0x00080000                . = ALIGN (0x4)
                0x00080000                _sfixed = .
 *(.vectors .vectors.*)
 .vectors       0x00080000       0xf4 src/ASF/sam/utils/cmsis/sam3x/source/templates/gcc/startup_sam3x.o
                0x00080000                exception_table
 *(.text .text.* .gnu.linkonce.t.*)
 .text          0x000800f4       0x6c c:/program files (x86)/atmel/studio/7.0/toolchain/arm/arm-gnu-toolchain/bin/../lib/gcc/arm-none-eabi/6.3.1/thumb/v7-m/crtbegin.o
 .text.Dummy_Handler
                0x00080160        0x2 src/ASF/sam/utils/cmsis/sam3x/source/templates/exceptions.o
                0x00080160                DACC_Handler
                0x00080160                DebugMon_Handler
                0x00080160                DMAC_Handler
                0x00080160                TRNG_Handler
                0x00080160                HardFault_Handler
                0x00080160                SysTick_Handler
                0x00080160                USART3_Handler
                0x00080160                TWI1_Handler
                0x00080160                PendSV_Handler
                0x00080160                NMI_Handler
                0x00080160                SMC_Handler
                0x00080160                USART0_Handler
                0x00080160                RTT_Handler
                0x00080160                EFC1_Handler
                0x00080160                RTC_Handler
                0x00080160                UsageFault_Handler
                0x00080160                WDT_Handler
                0x00080160                CAN0_Handler
                0x00080160                HSMCI_Handler
                0x00080160                Dummy_Handler
                0x00080160                TWI0_Handler
                0x00080160                USART1_Handler
                0x00080160                SSC_Handler
                0x00080160                EFC0_Handler
                0x00080160                PMC_Handler
                0x00080160                CAN1_Handler
                0x00080160                MemManage_Handler
                0x00080160                SUPC_Handler
                0x00080160                SVC_Handler
                0x00080160                USART2_Handler
                0x00080160                EMAC_Handler
                0x00080160                UART_Handler
                0x00080160                BusFault_Handler
                0x00080160                RSTC_Handler
                0x00080160                UOTGHS_Handler
                0x00080160                SPI0_Handler
 *fill*         0x00080162        0x2 
 .text.Reset_Handler
                0x00080164       0x98 src/ASF/sam/utils/cmsis/sam3x/source/templates/gcc/startup_sam3x.o
                0x00080164                Reset_Handler
 .text._sbrk    0x000801fc       0x38 src/ASF/sam/utils/syscalls/gcc/syscalls.o
                0x000801fc                _sbrk
 .text._close   0x00080234        0x6 src/ASF/sam/utils/syscalls/gcc/syscalls.o
                0x00080234                _close
 .text._fstat   0x0008023a        0xa src/ASF/sam/utils/syscalls/gcc/syscalls.o
                0x0008023a                _fstat
 .text._isatty  0x00080244        0x4 src/ASF/sam/utils/syscalls/gcc/syscalls.o
                0x00080244                _isatty
 .text._lseek   0x00080248        0x4 src/ASF/sam/utils/syscalls/gcc/syscalls.o
                0x00080248                _lseek
 .text.init     0x0008024c       0x78 src/main.o
                0x0008024c                init
 .text.retourAZero
                0x000802c4       0x4c src/main.o
                0x000802c4                retourAZero
 .text.main     0x00080310      0x110 src/main.o
                0x00080310                main
 .text.initMoteur
                0x00080420       0x60 ../../bibliotheque pour TPs\libRobot.a(robot.o)
                0x00080420                initMoteur
 .text.initRobot
                0x00080480       0x24 ../../bibliotheque pour TPs\libRobot.a(robot.o)
                0x00080480                initRobot
 .text.positionnerMoteur
                0x000804a4       0xd4 ../../bibliotheque pour TPs\libRobot.a(robot.o)
                0x000804a4                positionnerMoteur
 .text._additif
                0x00080578       0xd4 ../../bibliotheque pour TPs\libRobot.a(robot.o)
                0x00080578                _additif
 .text._ignorer_IT
                0x0008064c        0x4 ../../bibliotheque pour TPs\libTPsIUT.a(libTPIUT.o)
                0x0008064c                _ignorer_IT
 .text.pwm_clocks_generate
                0x00080650       0x90 ../../bibliotheque pour TPs\libTPsIUT.a(libTPIUT.o)
 .text.initCarte
                0x000806e0       0xd4 ../../bibliotheque pour TPs\libTPsIUT.a(libTPIUT.o)
                0x000806e0                initCarte
 .text.uart_init
                0x000807b4       0x48 ../../bibliotheque pour TPs\libTPsIUT.a(libTPIUT.o)
                0x000807b4                uart_init
 .text.uart_read
                0x000807fc       0x14 ../../bibliotheque pour TPs\libTPsIUT.a(libTPIUT.o)
                0x000807fc                uart_read
 .text.uart_write
                0x00080810       0x10 ../../bibliotheque pour TPs\libTPsIUT.a(libTPIUT.o)
                0x00080810                uart_write
 .text.pio_set_peripheral
                0x00080820       0x40 ../../bibliotheque pour TPs\libTPsIUT.a(libTPIUT.o)
                0x00080820                pio_set_peripheral
 .text.pio_set_input
                0x00080860       0x34 ../../bibliotheque pour TPs\libTPsIUT.a(libTPIUT.o)
                0x00080860                pio_set_input
 .text.pio_configure_interrupt
                0x00080894       0x30 ../../bibliotheque pour TPs\libTPsIUT.a(libTPIUT.o)
                0x00080894                pio_configure_interrupt
 .text.pio_set_output
                0x000808c4       0x28 ../../bibliotheque pour TPs\libTPsIUT.a(libTPIUT.o)
                0x000808c4                pio_set_output
 .text.pio_configure
                0x000808ec       0x88 ../../bibliotheque pour TPs\libTPsIUT.a(libTPIUT.o)
                0x000808ec                pio_configure
 .text.configureConsole
                0x00080974       0x74 ../../bibliotheque pour TPs\libTPsIUT.a(libTPIUT.o)
                0x00080974                configureConsole
 .text._read    0x000809e8       0x38 ../../bibliotheque pour TPs\libTPsIUT.a(libTPIUT.o)
                0x000809e8                _read
 .text._write   0x00080a20       0x38 ../../bibliotheque pour TPs\libTPsIUT.a(libTPIUT.o)
                0x00080a20                _write
 .text.allumerPeriph
                0x00080a58       0xcc ../../bibliotheque pour TPs\libTPsIUT.a(libTPIUT.o)
                0x00080a58                allumerPeriph
 .text.eteindrePeriph
                0x00080b24       0xb8 ../../bibliotheque pour TPs\libTPsIUT.a(libTPIUT.o)
                0x00080b24                eteindrePeriph
 .text._renvoieLigne
                0x00080bdc       0x44 ../../bibliotheque pour TPs\libTPsIUT.a(libTPIUT.o)
                0x00080bdc                _renvoieLigne
 .text.programmerLigne
                0x00080c20       0x6c ../../bibliotheque pour TPs\libTPsIUT.a(libTPIUT.o)
                0x00080c20                programmerLigne
 .text.activerFiltrageLigne
                0x00080c8c       0x60 ../../bibliotheque pour TPs\libTPsIUT.a(libTPIUT.o)
                0x00080c8c                activerFiltrageLigne
 .text.ecrireLigne
                0x00080cec       0x64 ../../bibliotheque pour TPs\libTPsIUT.a(libTPIUT.o)
                0x00080cec                ecrireLigne
 .text.lireLigne
                0x00080d50       0x54 ../../bibliotheque pour TPs\libTPsIUT.a(libTPIUT.o)
                0x00080d50                lireLigne
 .text.PIOA_Handler
                0x00080da4       0x54 ../../bibliotheque pour TPs\libTPsIUT.a(libTPIUT.o)
                0x00080da4                PIOA_Handler
 .text.PIOB_Handler
                0x00080df8       0x54 ../../bibliotheque pour TPs\libTPsIUT.a(libTPIUT.o)
                0x00080df8                PIOB_Handler
 .text.PIOC_Handler
                0x00080e4c       0x54 ../../bibliotheque pour TPs\libTPsIUT.a(libTPIUT.o)
                0x00080e4c                PIOC_Handler
 .text.PIOD_Handler
                0x00080ea0       0x54 ../../bibliotheque pour TPs\libTPsIUT.a(libTPIUT.o)
                0x00080ea0                PIOD_Handler
 .text.TC0_Handler
                0x00080ef4       0x60 ../../bibliotheque pour TPs\libTPsIUT.a(libTPIUT.o)
                0x00080ef4                TC0_Handler
 .text.TC1_Handler
                0x00080f54       0x60 ../../bibliotheque pour TPs\libTPsIUT.a(libTPIUT.o)
                0x00080f54                TC1_Handler
 .text.TC2_Handler
                0x00080fb4       0x60 ../../bibliotheque pour TPs\libTPsIUT.a(libTPIUT.o)
                0x00080fb4                TC2_Handler
 .text.TC3_Handler
                0x00081014       0x64 ../../bibliotheque pour TPs\libTPsIUT.a(libTPIUT.o)
                0x00081014                TC3_Handler
 .text.TC4_Handler
                0x00081078       0x64 ../../bibliotheque pour TPs\libTPsIUT.a(libTPIUT.o)
                0x00081078                TC4_Handler
 .text.TC5_Handler
                0x000810dc       0x64 ../../bibliotheque pour TPs\libTPsIUT.a(libTPIUT.o)
                0x000810dc                TC5_Handler
 .text.TC6_Handler
                0x00081140       0x64 ../../bibliotheque pour TPs\libTPsIUT.a(libTPIUT.o)
                0x00081140                TC6_Handler
 .text.TC7_Handler
                0x000811a4       0x64 ../../bibliotheque pour TPs\libTPsIUT.a(libTPIUT.o)
                0x000811a4                TC7_Handler
 .text.TC8_Handler
                0x00081208       0x64 ../../bibliotheque pour TPs\libTPsIUT.a(libTPIUT.o)
                0x00081208                TC8_Handler
 .text.initConvAN
                0x0008126c       0x94 ../../bibliotheque pour TPs\libTPsIUT.a(libTPIUT.o)
                0x0008126c                initConvAN
 .text.declenchementConvAN
                0x00081300       0x50 ../../bibliotheque pour TPs\libTPsIUT.a(libTPIUT.o)
                0x00081300                declenchementConvAN
 .text.choisirEntreeConvAN
                0x00081350       0x44 ../../bibliotheque pour TPs\libTPsIUT.a(libTPIUT.o)
                0x00081350                choisirEntreeConvAN
 .text.lancerConversionAN
                0x00081394        0xc ../../bibliotheque pour TPs\libTPsIUT.a(libTPIUT.o)
                0x00081394                lancerConversionAN
 .text.lireValeurConvAN
                0x000813a0       0x30 ../../bibliotheque pour TPs\libTPsIUT.a(libTPIUT.o)
                0x000813a0                lireValeurConvAN
 .text.lireTensionConvAN
                0x000813d0       0x80 ../../bibliotheque pour TPs\libTPsIUT.a(libTPIUT.o)
                0x000813d0                lireTensionConvAN
 .text.testerEtatConvAN
                0x00081450       0x94 ../../bibliotheque pour TPs\libTPsIUT.a(libTPIUT.o)
                0x00081450                testerEtatConvAN
 .text.ADC_Handler
                0x000814e4       0x58 ../../bibliotheque pour TPs\libTPsIUT.a(libTPIUT.o)
                0x000814e4                ADC_Handler
 .text.pwm_channel_init
                0x0008153c      0x10c ../../bibliotheque pour TPs\libTPsIUT.a(libTPIUT.o)
                0x0008153c                pwm_channel_init
 .text.initGeneSignal
                0x00081648       0xc4 ../../bibliotheque pour TPs\libTPsIUT.a(libTPIUT.o)
                0x00081648                initGeneSignal
 .text.definirHorlogeA
                0x0008170c       0x8c ../../bibliotheque pour TPs\libTPsIUT.a(libTPIUT.o)
                0x0008170c                definirHorlogeA
 .text.modifierSeuilGeneSignal
                0x00081798       0x7c ../../bibliotheque pour TPs\libTPsIUT.a(libTPIUT.o)
                0x00081798                modifierSeuilGeneSignal
 .text._freq_horloge
                0x00081814       0x30 ../../bibliotheque pour TPs\libTPsIUT.a(libTPIUT.o)
                0x00081814                _freq_horloge
 .text.freqGeneSignal
                0x00081844       0x64 ../../bibliotheque pour TPs\libTPsIUT.a(libTPIUT.o)
                0x00081844                freqGeneSignal
 .text.relais_IT_pwm
                0x000818a8       0x58 ../../bibliotheque pour TPs\libTPsIUT.a(libTPIUT.o)
                0x000818a8                relais_IT_pwm
 .text.PWM_Handler
                0x00081900       0x10 ../../bibliotheque pour TPs\libTPsIUT.a(libTPIUT.o)
                0x00081900                PWM_Handler
 .text.__libc_init_array
                0x00081910       0x48 c:/program files (x86)/atmel/studio/7.0/toolchain/arm/arm-gnu-toolchain/bin/../lib/gcc/arm-none-eabi/6.3.1/../../../../arm-none-eabi/lib/thumb/v7-m\libc_nano.a(lib_a-init.o)
                0x00081910                __libc_init_array
 .text.memset   0x00081958       0x10 c:/program files (x86)/atmel/studio/7.0/toolchain/arm/arm-gnu-toolchain/bin/../lib/gcc/arm-none-eabi/6.3.1/../../../../arm-none-eabi/lib/thumb/v7-m\libc_nano.a(lib_a-memset.o)
                0x00081958                memset
 .text.__cvt    0x00081968       0xb8 c:/program files (x86)/atmel/studio/7.0/toolchain/arm/arm-gnu-toolchain/bin/../lib/gcc/arm-none-eabi/6.3.1/../../../../arm-none-eabi/lib/thumb/v7-m\libc_nano.a(lib_a-nano-vfprintf_float.o)
                0x00081968                __cvt
 .text.__exponent
                0x00081a20       0x6a c:/program files (x86)/atmel/studio/7.0/toolchain/arm/arm-gnu-toolchain/bin/../lib/gcc/arm-none-eabi/6.3.1/../../../../arm-none-eabi/lib/thumb/v7-m\libc_nano.a(lib_a-nano-vfprintf_float.o)
                0x00081a20                __exponent
 *fill*         0x00081a8a        0x2 
 .text._printf_float
                0x00081a8c      0x470 c:/program files (x86)/atmel/studio/7.0/toolchain/arm/arm-gnu-toolchain/bin/../lib/gcc/arm-none-eabi/6.3.1/../../../../arm-none-eabi/lib/thumb/v7-m\libc_nano.a(lib_a-nano-vfprintf_float.o)
                0x00081a8c                _printf_float
 .text._printf_common
                0x00081efc       0xee c:/program files (x86)/atmel/studio/7.0/toolchain/arm/arm-gnu-toolchain/bin/../lib/gcc/arm-none-eabi/6.3.1/../../../../arm-none-eabi/lib/thumb/v7-m\libc_nano.a(lib_a-nano-vfprintf_i.o)
                0x00081efc                _printf_common
 *fill*         0x00081fea        0x2 
 .text._puts_r  0x00081fec       0xb8 c:/program files (x86)/atmel/studio/7.0/toolchain/arm/arm-gnu-toolchain/bin/../lib/gcc/arm-none-eabi/6.3.1/../../../../arm-none-eabi/lib/thumb/v7-m\libc_nano.a(lib_a-puts.o)
                0x00081fec                _puts_r
 .text.puts     0x000820a4       0x10 c:/program files (x86)/atmel/studio/7.0/toolchain/arm/arm-gnu-toolchain/bin/../lib/gcc/arm-none-eabi/6.3.1/../../../../arm-none-eabi/lib/thumb/v7-m\libc_nano.a(lib_a-puts.o)
                0x000820a4                puts
 .text.setbuf   0x000820b4       0x10 c:/program files (x86)/atmel/studio/7.0/toolchain/arm/arm-gnu-toolchain/bin/../lib/gcc/arm-none-eabi/6.3.1/../../../../arm-none-eabi/lib/thumb/v7-m\libc_nano.a(lib_a-setbuf.o)
                0x000820b4                setbuf
 .text.setvbuf  0x000820c4      0x15c c:/program files (x86)/atmel/studio/7.0/toolchain/arm/arm-gnu-toolchain/bin/../lib/gcc/arm-none-eabi/6.3.1/../../../../arm-none-eabi/lib/thumb/v7-m\libc_nano.a(lib_a-setvbuf.o)
                0x000820c4                setvbuf
 .text          0x00082220       0x10 c:/program files (x86)/atmel/studio/7.0/toolchain/arm/arm-gnu-toolchain/bin/../lib/gcc/arm-none-eabi/6.3.1/../../../../arm-none-eabi/lib/thumb/v7-m\libc_nano.a(lib_a-strlen.o)
                0x00082220                strlen
 .text.__swbuf_r
                0x00082230       0xa4 c:/program files (x86)/atmel/studio/7.0/toolchain/arm/arm-gnu-toolchain/bin/../lib/gcc/arm-none-eabi/6.3.1/../../../../arm-none-eabi/lib/thumb/v7-m\libc_nano.a(lib_a-wbuf.o)
                0x00082230                __swbuf_r
 .text.__swsetup_r
                0x000822d4       0xdc c:/program files (x86)/atmel/studio/7.0/toolchain/arm/arm-gnu-toolchain/bin/../lib/gcc/arm-none-eabi/6.3.1/../../../../arm-none-eabi/lib/thumb/v7-m\libc_nano.a(lib_a-wsetup.o)
                0x000822d4                __swsetup_r
 .text.quorem   0x000823b0      0x118 c:/program files (x86)/atmel/studio/7.0/toolchain/arm/arm-gnu-toolchain/bin/../lib/gcc/arm-none-eabi/6.3.1/../../../../arm-none-eabi/lib/thumb/v7-m\libc_nano.a(lib_a-dtoa.o)
 .text._dtoa_r  0x000824c8      0xba8 c:/program files (x86)/atmel/studio/7.0/toolchain/arm/arm-gnu-toolchain/bin/../lib/gcc/arm-none-eabi/6.3.1/../../../../arm-none-eabi/lib/thumb/v7-m\libc_nano.a(lib_a-dtoa.o)
                0x000824c8                _dtoa_r
 .text.__sflush_r
                0x00083070      0x110 c:/program files (x86)/atmel/studio/7.0/toolchain/arm/arm-gnu-toolchain/bin/../lib/gcc/arm-none-eabi/6.3.1/../../../../arm-none-eabi/lib/thumb/v7-m\libc_nano.a(lib_a-fflush.o)
                0x00083070                __sflush_r
 .text._fflush_r
                0x00083180       0x54 c:/program files (x86)/atmel/studio/7.0/toolchain/arm/arm-gnu-toolchain/bin/../lib/gcc/arm-none-eabi/6.3.1/../../../../arm-none-eabi/lib/thumb/v7-m\libc_nano.a(lib_a-fflush.o)
                0x00083180                _fflush_r
 .text._cleanup_r
                0x000831d4        0xc c:/program files (x86)/atmel/studio/7.0/toolchain/arm/arm-gnu-toolchain/bin/../lib/gcc/arm-none-eabi/6.3.1/../../../../arm-none-eabi/lib/thumb/v7-m\libc_nano.a(lib_a-findfp.o)
                0x000831d4                _cleanup_r
 .text.std.isra.0
                0x000831e0       0x48 c:/program files (x86)/atmel/studio/7.0/toolchain/arm/arm-gnu-toolchain/bin/../lib/gcc/arm-none-eabi/6.3.1/../../../../arm-none-eabi/lib/thumb/v7-m\libc_nano.a(lib_a-findfp.o)
 .text.__sfmoreglue
                0x00083228       0x2c c:/program files (x86)/atmel/studio/7.0/toolchain/arm/arm-gnu-toolchain/bin/../lib/gcc/arm-none-eabi/6.3.1/../../../../arm-none-eabi/lib/thumb/v7-m\libc_nano.a(lib_a-findfp.o)
                0x00083228                __sfmoreglue
 .text.__sinit  0x00083254       0x60 c:/program files (x86)/atmel/studio/7.0/toolchain/arm/arm-gnu-toolchain/bin/../lib/gcc/arm-none-eabi/6.3.1/../../../../arm-none-eabi/lib/thumb/v7-m\libc_nano.a(lib_a-findfp.o)
                0x00083254                __sinit
 .text.__sfp    0x000832b4       0x78 c:/program files (x86)/atmel/studio/7.0/toolchain/arm/arm-gnu-toolchain/bin/../lib/gcc/arm-none-eabi/6.3.1/../../../../arm-none-eabi/lib/thumb/v7-m\libc_nano.a(lib_a-findfp.o)
                0x000832b4                __sfp
 .text._fwalk_reent
                0x0008332c       0x3c c:/program files (x86)/atmel/studio/7.0/toolchain/arm/arm-gnu-toolchain/bin/../lib/gcc/arm-none-eabi/6.3.1/../../../../arm-none-eabi/lib/thumb/v7-m\libc_nano.a(lib_a-fwalk.o)
                0x0008332c                _fwalk_reent
 .text._localeconv_r
                0x00083368       0x1c c:/program files (x86)/atmel/studio/7.0/toolchain/arm/arm-gnu-toolchain/bin/../lib/gcc/arm-none-eabi/6.3.1/../../../../arm-none-eabi/lib/thumb/v7-m\libc_nano.a(lib_a-localeconv.o)
                0x00083368                _localeconv_r
 .text.__swhatbuf_r
                0x00083384       0x48 c:/program files (x86)/atmel/studio/7.0/toolchain/arm/arm-gnu-toolchain/bin/../lib/gcc/arm-none-eabi/6.3.1/../../../../arm-none-eabi/lib/thumb/v7-m\libc_nano.a(lib_a-makebuf.o)
                0x00083384                __swhatbuf_r
 .text.__smakebuf_r
                0x000833cc       0x80 c:/program files (x86)/atmel/studio/7.0/toolchain/arm/arm-gnu-toolchain/bin/../lib/gcc/arm-none-eabi/6.3.1/../../../../arm-none-eabi/lib/thumb/v7-m\libc_nano.a(lib_a-makebuf.o)
                0x000833cc                __smakebuf_r
 .text.malloc   0x0008344c       0x10 c:/program files (x86)/atmel/studio/7.0/toolchain/arm/arm-gnu-toolchain/bin/../lib/gcc/arm-none-eabi/6.3.1/../../../../arm-none-eabi/lib/thumb/v7-m\libc_nano.a(lib_a-malloc.o)
                0x0008344c                malloc
 .text.memcpy   0x0008345c       0x16 c:/program files (x86)/atmel/studio/7.0/toolchain/arm/arm-gnu-toolchain/bin/../lib/gcc/arm-none-eabi/6.3.1/../../../../arm-none-eabi/lib/thumb/v7-m\libc_nano.a(lib_a-memcpy-stub.o)
                0x0008345c                memcpy
 .text._Balloc  0x00083472       0x68 c:/program files (x86)/atmel/studio/7.0/toolchain/arm/arm-gnu-toolchain/bin/../lib/gcc/arm-none-eabi/6.3.1/../../../../arm-none-eabi/lib/thumb/v7-m\libc_nano.a(lib_a-mprec.o)
                0x00083472                _Balloc
 .text._Bfree   0x000834da       0x2e c:/program files (x86)/atmel/studio/7.0/toolchain/arm/arm-gnu-toolchain/bin/../lib/gcc/arm-none-eabi/6.3.1/../../../../arm-none-eabi/lib/thumb/v7-m\libc_nano.a(lib_a-mprec.o)
                0x000834da                _Bfree
 .text.__multadd
                0x00083508       0x76 c:/program files (x86)/atmel/studio/7.0/toolchain/arm/arm-gnu-toolchain/bin/../lib/gcc/arm-none-eabi/6.3.1/../../../../arm-none-eabi/lib/thumb/v7-m\libc_nano.a(lib_a-mprec.o)
                0x00083508                __multadd
 .text.__hi0bits
                0x0008357e       0x3e c:/program files (x86)/atmel/studio/7.0/toolchain/arm/arm-gnu-toolchain/bin/../lib/gcc/arm-none-eabi/6.3.1/../../../../arm-none-eabi/lib/thumb/v7-m\libc_nano.a(lib_a-mprec.o)
                0x0008357e                __hi0bits
 .text.__lo0bits
                0x000835bc       0x5e c:/program files (x86)/atmel/studio/7.0/toolchain/arm/arm-gnu-toolchain/bin/../lib/gcc/arm-none-eabi/6.3.1/../../../../arm-none-eabi/lib/thumb/v7-m\libc_nano.a(lib_a-mprec.o)
                0x000835bc                __lo0bits
 .text.__i2b    0x0008361a       0x12 c:/program files (x86)/atmel/studio/7.0/toolchain/arm/arm-gnu-toolchain/bin/../lib/gcc/arm-none-eabi/6.3.1/../../../../arm-none-eabi/lib/thumb/v7-m\libc_nano.a(lib_a-mprec.o)
                0x0008361a                __i2b
 .text.__multiply
                0x0008362c      0x118 c:/program files (x86)/atmel/studio/7.0/toolchain/arm/arm-gnu-toolchain/bin/../lib/gcc/arm-none-eabi/6.3.1/../../../../arm-none-eabi/lib/thumb/v7-m\libc_nano.a(lib_a-mprec.o)
                0x0008362c                __multiply
 .text.__pow5mult
                0x00083744       0x9c c:/program files (x86)/atmel/studio/7.0/toolchain/arm/arm-gnu-toolchain/bin/../lib/gcc/arm-none-eabi/6.3.1/../../../../arm-none-eabi/lib/thumb/v7-m\libc_nano.a(lib_a-mprec.o)
                0x00083744                __pow5mult
 .text.__lshift
                0x000837e0       0xa2 c:/program files (x86)/atmel/studio/7.0/toolchain/arm/arm-gnu-toolchain/bin/../lib/gcc/arm-none-eabi/6.3.1/../../../../arm-none-eabi/lib/thumb/v7-m\libc_nano.a(lib_a-mprec.o)
                0x000837e0                __lshift
 .text.__mcmp   0x00083882       0x34 c:/program files (x86)/atmel/studio/7.0/toolchain/arm/arm-gnu-toolchain/bin/../lib/gcc/arm-none-eabi/6.3.1/../../../../arm-none-eabi/lib/thumb/v7-m\libc_nano.a(lib_a-mprec.o)
                0x00083882                __mcmp
 .text.__mdiff  0x000838b6       0xbe c:/program files (x86)/atmel/studio/7.0/toolchain/arm/arm-gnu-toolchain/bin/../lib/gcc/arm-none-eabi/6.3.1/../../../../arm-none-eabi/lib/thumb/v7-m\libc_nano.a(lib_a-mprec.o)
                0x000838b6                __mdiff
 .text.__d2b    0x00083974       0x9e c:/program files (x86)/atmel/studio/7.0/toolchain/arm/arm-gnu-toolchain/bin/../lib/gcc/arm-none-eabi/6.3.1/../../../../arm-none-eabi/lib/thumb/v7-m\libc_nano.a(lib_a-mprec.o)
                0x00083974                __d2b
 .text._calloc_r
                0x00083a12       0x1c c:/program files (x86)/atmel/studio/7.0/toolchain/arm/arm-gnu-toolchain/bin/../lib/gcc/arm-none-eabi/6.3.1/../../../../arm-none-eabi/lib/thumb/v7-m\libc_nano.a(lib_a-nano-callocr.o)
                0x00083a12                _calloc_r
 *fill*         0x00083a2e        0x2 
 .text._free_r  0x00083a30       0x98 c:/program files (x86)/atmel/studio/7.0/toolchain/arm/arm-gnu-toolchain/bin/../lib/gcc/arm-none-eabi/6.3.1/../../../../arm-none-eabi/lib/thumb/v7-m\libc_nano.a(lib_a-nano-freer.o)
                0x00083a30                _free_r
 .text._malloc_r
                0x00083ac8       0xbc c:/program files (x86)/atmel/studio/7.0/toolchain/arm/arm-gnu-toolchain/bin/../lib/gcc/arm-none-eabi/6.3.1/../../../../arm-none-eabi/lib/thumb/v7-m\libc_nano.a(lib_a-nano-mallocr.o)
                0x00083ac8                _malloc_r
 .text._sbrk_r  0x00083b84       0x20 c:/program files (x86)/atmel/studio/7.0/toolchain/arm/arm-gnu-toolchain/bin/../lib/gcc/arm-none-eabi/6.3.1/../../../../arm-none-eabi/lib/thumb/v7-m\libc_nano.a(lib_a-sbrkr.o)
                0x00083b84                _sbrk_r
 .text.__sread  0x00083ba4       0x22 c:/program files (x86)/atmel/studio/7.0/toolchain/arm/arm-gnu-toolchain/bin/../lib/gcc/arm-none-eabi/6.3.1/../../../../arm-none-eabi/lib/thumb/v7-m\libc_nano.a(lib_a-stdio.o)
                0x00083ba4                __sread
 .text.__swrite
                0x00083bc6       0x38 c:/program files (x86)/atmel/studio/7.0/toolchain/arm/arm-gnu-toolchain/bin/../lib/gcc/arm-none-eabi/6.3.1/../../../../arm-none-eabi/lib/thumb/v7-m\libc_nano.a(lib_a-stdio.o)
                0x00083bc6                __swrite
 .text.__sseek  0x00083bfe       0x24 c:/program files (x86)/atmel/studio/7.0/toolchain/arm/arm-gnu-toolchain/bin/../lib/gcc/arm-none-eabi/6.3.1/../../../../arm-none-eabi/lib/thumb/v7-m\libc_nano.a(lib_a-stdio.o)
                0x00083bfe                __sseek
 .text.__sclose
                0x00083c22        0x8 c:/program files (x86)/atmel/studio/7.0/toolchain/arm/arm-gnu-toolchain/bin/../lib/gcc/arm-none-eabi/6.3.1/../../../../arm-none-eabi/lib/thumb/v7-m\libc_nano.a(lib_a-stdio.o)
                0x00083c22                __sclose
 *fill*         0x00083c2a        0x2 
 .text._write_r
                0x00083c2c       0x24 c:/program files (x86)/atmel/studio/7.0/toolchain/arm/arm-gnu-toolchain/bin/../lib/gcc/arm-none-eabi/6.3.1/../../../../arm-none-eabi/lib/thumb/v7-m\libc_nano.a(lib_a-writer.o)
                0x00083c2c                _write_r
 .text._close_r
                0x00083c50       0x20 c:/program files (x86)/atmel/studio/7.0/toolchain/arm/arm-gnu-toolchain/bin/../lib/gcc/arm-none-eabi/6.3.1/../../../../arm-none-eabi/lib/thumb/v7-m\libc_nano.a(lib_a-closer.o)
                0x00083c50                _close_r
 .text._fstat_r
                0x00083c70       0x24 c:/program files (x86)/atmel/studio/7.0/toolchain/arm/arm-gnu-toolchain/bin/../lib/gcc/arm-none-eabi/6.3.1/../../../../arm-none-eabi/lib/thumb/v7-m\libc_nano.a(lib_a-fstatr.o)
                0x00083c70                _fstat_r
 .text._isatty_r
                0x00083c94       0x20 c:/program files (x86)/atmel/studio/7.0/toolchain/arm/arm-gnu-toolchain/bin/../lib/gcc/arm-none-eabi/6.3.1/../../../../arm-none-eabi/lib/thumb/v7-m\libc_nano.a(lib_a-isattyr.o)
                0x00083c94                _isatty_r
 .text._lseek_r
                0x00083cb4       0x24 c:/program files (x86)/atmel/studio/7.0/toolchain/arm/arm-gnu-toolchain/bin/../lib/gcc/arm-none-eabi/6.3.1/../../../../arm-none-eabi/lib/thumb/v7-m\libc_nano.a(lib_a-lseekr.o)
                0x00083cb4                _lseek_r
 .text.__ascii_mbtowc
                0x00083cd8       0x24 c:/program files (x86)/atmel/studio/7.0/toolchain/arm/arm-gnu-toolchain/bin/../lib/gcc/arm-none-eabi/6.3.1/../../../../arm-none-eabi/lib/thumb/v7-m\libc_nano.a(lib_a-mbtowc_r.o)
                0x00083cd8                __ascii_mbtowc
 .text.__malloc_lock
                0x00083cfc        0x2 c:/program files (x86)/atmel/studio/7.0/toolchain/arm/arm-gnu-toolchain/bin/../lib/gcc/arm-none-eabi/6.3.1/../../../../arm-none-eabi/lib/thumb/v7-m\libc_nano.a(lib_a-mlock.o)
                0x00083cfc                __malloc_lock
 .text.__malloc_unlock
                0x00083cfe        0x2 c:/program files (x86)/atmel/studio/7.0/toolchain/arm/arm-gnu-toolchain/bin/../lib/gcc/arm-none-eabi/6.3.1/../../../../arm-none-eabi/lib/thumb/v7-m\libc_nano.a(lib_a-mlock.o)
                0x00083cfe                __malloc_unlock
 .text._read_r  0x00083d00       0x24 c:/program files (x86)/atmel/studio/7.0/toolchain/arm/arm-gnu-toolchain/bin/../lib/gcc/arm-none-eabi/6.3.1/../../../../arm-none-eabi/lib/thumb/v7-m\libc_nano.a(lib_a-readr.o)
                0x00083d00                _read_r
 .text.__ascii_wctomb
                0x00083d24       0x1a c:/program files (x86)/atmel/studio/7.0/toolchain/arm/arm-gnu-toolchain/bin/../lib/gcc/arm-none-eabi/6.3.1/../../../../arm-none-eabi/lib/thumb/v7-m\libc_nano.a(lib_a-wctomb_r.o)
                0x00083d24                __ascii_wctomb
 *fill*         0x00083d3e        0x2 
 .text          0x00083d40      0x370 c:/program files (x86)/atmel/studio/7.0/toolchain/arm/arm-gnu-toolchain/bin/../lib/gcc/arm-none-eabi/6.3.1/thumb/v7-m\libgcc.a(_arm_addsubdf3.o)
                0x00083d40                __aeabi_drsub
                0x00083d48                __aeabi_dsub
                0x00083d48                __subdf3
                0x00083d4c                __aeabi_dadd
                0x00083d4c                __adddf3
                0x00083fc4                __floatunsidf
                0x00083fc4                __aeabi_ui2d
                0x00083fe4                __floatsidf
                0x00083fe4                __aeabi_i2d
                0x00084008                __aeabi_f2d
                0x00084008                __extendsfdf2
                0x00084044                __floatundidf
                0x00084044                __aeabi_ul2d
                0x00084054                __floatdidf
                0x00084054                __aeabi_l2d
 .text          0x000840b0      0x424 c:/program files (x86)/atmel/studio/7.0/toolchain/arm/arm-gnu-toolchain/bin/../lib/gcc/arm-none-eabi/6.3.1/thumb/v7-m\libgcc.a(_arm_muldivdf3.o)
                0x000840b0                __aeabi_dmul
                0x000840b0                __muldf3
                0x00084304                __divdf3
                0x00084304                __aeabi_ddiv
 .text          0x000844d4      0x110 c:/program files (x86)/atmel/studio/7.0/toolchain/arm/arm-gnu-toolchain/bin/../lib/gcc/arm-none-eabi/6.3.1/thumb/v7-m\libgcc.a(_arm_cmpdf2.o)
                0x000844d4                __gtdf2
                0x000844d4                __gedf2
                0x000844dc                __ltdf2
                0x000844dc                __ledf2
                0x000844e4                __nedf2
                0x000844e4                __eqdf2
                0x000844e4                __cmpdf2
                0x00084560                __aeabi_cdrcmple
                0x00084570                __aeabi_cdcmpeq
                0x00084570                __aeabi_cdcmple
                0x00084580                __aeabi_dcmpeq
                0x00084594                __aeabi_dcmplt
                0x000845a8                __aeabi_dcmple
                0x000845bc                __aeabi_dcmpge
                0x000845d0                __aeabi_dcmpgt
 .text          0x000845e4       0x2c c:/program files (x86)/atmel/studio/7.0/toolchain/arm/arm-gnu-toolchain/bin/../lib/gcc/arm-none-eabi/6.3.1/thumb/v7-m\libgcc.a(_arm_unorddf2.o)
                0x000845e4                __unorddf2
                0x000845e4                __aeabi_dcmpun
 .text          0x00084610       0x50 c:/program files (x86)/atmel/studio/7.0/toolchain/arm/arm-gnu-toolchain/bin/../lib/gcc/arm-none-eabi/6.3.1/thumb/v7-m\libgcc.a(_arm_fixdfsi.o)
                0x00084610                __aeabi_d2iz
                0x00084610                __fixdfsi
 .text          0x00084660      0x21c c:/program files (x86)/atmel/studio/7.0/toolchain/arm/arm-gnu-toolchain/bin/../lib/gcc/arm-none-eabi/6.3.1/thumb/v7-m\libgcc.a(_arm_addsubsf3.o)
                0x00084660                __aeabi_frsub
                0x00084668                __subsf3
                0x00084668                __aeabi_fsub
                0x0008466c                __aeabi_fadd
                0x0008466c                __addsf3
                0x000847cc                __aeabi_ui2f
                0x000847cc                __floatunsisf
                0x000847d4                __aeabi_i2f
                0x000847d4                __floatsisf
                0x000847f0                __aeabi_ul2f
                0x000847f0                __floatundisf
                0x00084800                __aeabi_l2f
                0x00084800                __floatdisf
 .text          0x0008487c      0x2a0 c:/program files (x86)/atmel/studio/7.0/toolchain/arm/arm-gnu-toolchain/bin/../lib/gcc/arm-none-eabi/6.3.1/thumb/v7-m\libgcc.a(_arm_muldivsf3.o)
                0x0008487c                __mulsf3
                0x0008487c                __aeabi_fmul
                0x000849e4                __aeabi_fdiv
                0x000849e4                __divsf3
 .text          0x00084b1c       0xec c:/program files (x86)/atmel/studio/7.0/toolchain/arm/arm-gnu-toolchain/bin/../lib/gcc/arm-none-eabi/6.3.1/thumb/v7-m\libgcc.a(_arm_cmpsf2.o)
                0x00084b1c                __gesf2
                0x00084b1c                __gtsf2
                0x00084b24                __lesf2
                0x00084b24                __ltsf2
                0x00084b2c                __nesf2
                0x00084b2c                __eqsf2
                0x00084b2c                __cmpsf2
                0x00084b8c                __aeabi_cfrcmple
                0x00084b94                __aeabi_cfcmpeq
                0x00084b94                __aeabi_cfcmple
                0x00084ba4                __aeabi_fcmpeq
                0x00084bb8                __aeabi_fcmplt
                0x00084bcc                __aeabi_fcmple
                0x00084be0                __aeabi_fcmpge
                0x00084bf4                __aeabi_fcmpgt
 .text          0x00084c08       0x40 c:/program files (x86)/atmel/studio/7.0/toolchain/arm/arm-gnu-toolchain/bin/../lib/gcc/arm-none-eabi/6.3.1/thumb/v7-m\libgcc.a(_arm_fixunssfsi.o)
                0x00084c08                __fixunssfsi
                0x00084c08                __aeabi_f2uiz
 *(.glue_7t)
 .glue_7t       0x00084c48        0x0 linker stubs
 *(.glue_7)
 .glue_7        0x00084c48        0x0 linker stubs
 *(.rodata .rodata* .gnu.linkonce.r.*)
 .rodata.str1.4
                0x00084c48       0x30 ../../bibliotheque pour TPs\libRobot.a(robot.o)
                                 0x2e (size before relaxing)
 .rodata        0x00084c78      0x120 ../../bibliotheque pour TPs\libTPsIUT.a(libTPIUT.o)
 .rodata._global_impure_ptr
                0x00084d98        0x4 c:/program files (x86)/atmel/studio/7.0/toolchain/arm/arm-gnu-toolchain/bin/../lib/gcc/arm-none-eabi/6.3.1/../../../../arm-none-eabi/lib/thumb/v7-m\libc_nano.a(lib_a-impure.o)
                0x00084d98                _global_impure_ptr
 .rodata._printf_float.str1.1
                0x00084d9c       0x12 c:/program files (x86)/atmel/studio/7.0/toolchain/arm/arm-gnu-toolchain/bin/../lib/gcc/arm-none-eabi/6.3.1/../../../../arm-none-eabi/lib/thumb/v7-m\libc_nano.a(lib_a-nano-vfprintf_float.o)
 .rodata._dtoa_r.str1.1
                0x00084dae        0xd c:/program files (x86)/atmel/studio/7.0/toolchain/arm/arm-gnu-toolchain/bin/../lib/gcc/arm-none-eabi/6.3.1/../../../../arm-none-eabi/lib/thumb/v7-m\libc_nano.a(lib_a-dtoa.o)
                                  0xf (size before relaxing)
 *fill*         0x00084dbb        0x1 
 .rodata.__sf_fake_stderr
                0x00084dbc       0x20 c:/program files (x86)/atmel/studio/7.0/toolchain/arm/arm-gnu-toolchain/bin/../lib/gcc/arm-none-eabi/6.3.1/../../../../arm-none-eabi/lib/thumb/v7-m\libc_nano.a(lib_a-findfp.o)
                0x00084dbc                __sf_fake_stderr
 .rodata.__sf_fake_stdin
                0x00084ddc       0x20 c:/program files (x86)/atmel/studio/7.0/toolchain/arm/arm-gnu-toolchain/bin/../lib/gcc/arm-none-eabi/6.3.1/../../../../arm-none-eabi/lib/thumb/v7-m\libc_nano.a(lib_a-findfp.o)
                0x00084ddc                __sf_fake_stdin
 .rodata.__sf_fake_stdout
                0x00084dfc       0x20 c:/program files (x86)/atmel/studio/7.0/toolchain/arm/arm-gnu-toolchain/bin/../lib/gcc/arm-none-eabi/6.3.1/../../../../arm-none-eabi/lib/thumb/v7-m\libc_nano.a(lib_a-findfp.o)
                0x00084dfc                __sf_fake_stdout
 *fill*         0x00084e1c        0x4 
 .rodata.__mprec_bigtens
                0x00084e20       0x28 c:/program files (x86)/atmel/studio/7.0/toolchain/arm/arm-gnu-toolchain/bin/../lib/gcc/arm-none-eabi/6.3.1/../../../../arm-none-eabi/lib/thumb/v7-m\libc_nano.a(lib_a-mprec.o)
                0x00084e20                __mprec_bigtens
 .rodata.__mprec_tens
                0x00084e48       0xc8 c:/program files (x86)/atmel/studio/7.0/toolchain/arm/arm-gnu-toolchain/bin/../lib/gcc/arm-none-eabi/6.3.1/../../../../arm-none-eabi/lib/thumb/v7-m\libc_nano.a(lib_a-mprec.o)
                0x00084e48                __mprec_tens
 .rodata.p05.6047
                0x00084f10        0xc c:/program files (x86)/atmel/studio/7.0/toolchain/arm/arm-gnu-toolchain/bin/../lib/gcc/arm-none-eabi/6.3.1/../../../../arm-none-eabi/lib/thumb/v7-m\libc_nano.a(lib_a-mprec.o)
 .rodata._setlocale_r.str1.1
                0x00084f1c        0x8 c:/program files (x86)/atmel/studio/7.0/toolchain/arm/arm-gnu-toolchain/bin/../lib/gcc/arm-none-eabi/6.3.1/../../../../arm-none-eabi/lib/thumb/v7-m\libc_nano.a(lib_a-locale.o)
                                  0x9 (size before relaxing)
 .rodata.str1.1
                0x00084f24        0x2 c:/program files (x86)/atmel/studio/7.0/toolchain/arm/arm-gnu-toolchain/bin/../lib/gcc/arm-none-eabi/6.3.1/../../../../arm-none-eabi/lib/thumb/v7-m\libc_nano.a(lib_a-locale.o)
 .rodata._ctype_
                0x00084f26      0x101 c:/program files (x86)/atmel/studio/7.0/toolchain/arm/arm-gnu-toolchain/bin/../lib/gcc/arm-none-eabi/6.3.1/../../../../arm-none-eabi/lib/thumb/v7-m\libc_nano.a(lib_a-ctype_.o)
                0x00084f26                _ctype_
 *(.ARM.extab* .gnu.linkonce.armextab.*)
                0x00085028                . = ALIGN (0x4)
 *fill*         0x00085027        0x1 
 *(.init)
 .init          0x00085028        0x4 c:/program files (x86)/atmel/studio/7.0/toolchain/arm/arm-gnu-toolchain/bin/../lib/gcc/arm-none-eabi/6.3.1/thumb/v7-m/crti.o
                0x00085028                _init
 .init          0x0008502c        0x8 c:/program files (x86)/atmel/studio/7.0/toolchain/arm/arm-gnu-toolchain/bin/../lib/gcc/arm-none-eabi/6.3.1/thumb/v7-m/crtn.o
                0x00085034                . = ALIGN (0x4)
                0x00085034                __preinit_array_start = .
 *(.preinit_array)
                0x00085034                __preinit_array_end = .
                0x00085034                . = ALIGN (0x4)
                0x00085034                __init_array_start = .
 *(SORT(.init_array.*))
 *(.init_array)
 .init_array    0x00085034        0x4 c:/program files (x86)/atmel/studio/7.0/toolchain/arm/arm-gnu-toolchain/bin/../lib/gcc/arm-none-eabi/6.3.1/thumb/v7-m/crtbegin.o
                0x00085038                __init_array_end = .
                0x00085038                . = ALIGN (0x4)
 *crtbegin.o(.ctors)
 *(EXCLUDE_FILE(*crtend.o) .ctors)
 *(SORT(.ctors.*))
 *crtend.o(.ctors)
                0x00085038                . = ALIGN (0x4)
 *(.fini)
 .fini          0x00085038        0x4 c:/program files (x86)/atmel/studio/7.0/toolchain/arm/arm-gnu-toolchain/bin/../lib/gcc/arm-none-eabi/6.3.1/thumb/v7-m/crti.o
                0x00085038                _fini
 .fini          0x0008503c        0x8 c:/program files (x86)/atmel/studio/7.0/toolchain/arm/arm-gnu-toolchain/bin/../lib/gcc/arm-none-eabi/6.3.1/thumb/v7-m/crtn.o
                0x00085044                . = ALIGN (0x4)
                0x00085044                __fini_array_start = .
 *(.fini_array)
 .fini_array    0x00085044        0x4 c:/program files (x86)/atmel/studio/7.0/toolchain/arm/arm-gnu-toolchain/bin/../lib/gcc/arm-none-eabi/6.3.1/thumb/v7-m/crtbegin.o
 *(SORT(.fini_array.*))
                0x00085048                __fini_array_end = .
 *crtbegin.o(.dtors)
 *(EXCLUDE_FILE(*crtend.o) .dtors)
 *(SORT(.dtors.*))
 *crtend.o(.dtors)
                0x00085048                . = ALIGN (0x4)
                0x00085048                _efixed = .
                [!provide]                PROVIDE (__exidx_start, .)

.vfp11_veneer   0x00085048        0x0
 .vfp11_veneer  0x00085048        0x0 linker stubs

.v4_bx          0x00085048        0x0
 .v4_bx         0x00085048        0x0 linker stubs

.iplt           0x00085048        0x0
 .iplt          0x00085048        0x0 c:/program files (x86)/atmel/studio/7.0/toolchain/arm/arm-gnu-toolchain/bin/../lib/gcc/arm-none-eabi/6.3.1/thumb/v7-m/crtbegin.o

.eh_frame       0x00085048        0x0
 .eh_frame      0x00085048        0x0 c:/program files (x86)/atmel/studio/7.0/toolchain/arm/arm-gnu-toolchain/bin/../lib/gcc/arm-none-eabi/6.3.1/thumb/v7-m/crtbegin.o

.rel.dyn        0x00085048        0x0
 .rel.iplt      0x00085048        0x0 c:/program files (x86)/atmel/studio/7.0/toolchain/arm/arm-gnu-toolchain/bin/../lib/gcc/arm-none-eabi/6.3.1/thumb/v7-m/crtbegin.o

.jcr            0x00085048        0x0
 .jcr           0x00085048        0x0 c:/program files (x86)/atmel/studio/7.0/toolchain/arm/arm-gnu-toolchain/bin/../lib/gcc/arm-none-eabi/6.3.1/thumb/v7-m/crtbegin.o

.igot.plt       0x00085048        0x0
 .igot.plt      0x00085048        0x0 c:/program files (x86)/atmel/studio/7.0/toolchain/arm/arm-gnu-toolchain/bin/../lib/gcc/arm-none-eabi/6.3.1/thumb/v7-m/crtbegin.o

.ARM.exidx
 *(.ARM.exidx* .gnu.linkonce.armexidx.*)
                [!provide]                PROVIDE (__exidx_end, .)
                0x00085048                . = ALIGN (0x4)
                0x00085048                _etext = .

.relocate       0x20070000      0x39c load address 0x00085048
                0x20070000                . = ALIGN (0x4)
                0x20070000                _srelocate = .
 *(.ramfunc .ramfunc.*)
 .ramfunc       0x20070000      0x12c src/ASF/sam/utils/cmsis/sam3x/source/templates/system_sam3x.o
                0x20070000                SystemInit
                0x200700a4                system_init_flash
 *(.data .data.*)
 .data.g_interrupt_enabled
                0x2007012c        0x1 src/ASF/common/utils/interrupt/interrupt_sam_nvic.o
                0x2007012c                g_interrupt_enabled
 *fill*         0x2007012d        0x3 
 .data.SystemCoreClock
                0x20070130        0x4 src/ASF/sam/utils/cmsis/sam3x/source/templates/system_sam3x.o
                0x20070130                SystemCoreClock
 .data.tabAngle
                0x20070134       0x10 src/main.o
                0x20070134                tabAngle
 .data          0x20070144       0x64 ../../bibliotheque pour TPs\libRobot.a(robot.o)
                0x20070144                _ports
                0x20070158                _lignes
                0x2007016c                _genes
                0x20070180                _angles_min
                0x20070194                _angles_max
 .data          0x200701a8       0x24 ../../bibliotheque pour TPs\libTPsIUT.a(libTPIUT.o)
                0x200701a8                canauxTimers
 .data._impure_ptr
                0x200701cc        0x4 c:/program files (x86)/atmel/studio/7.0/toolchain/arm/arm-gnu-toolchain/bin/../lib/gcc/arm-none-eabi/6.3.1/../../../../arm-none-eabi/lib/thumb/v7-m\libc_nano.a(lib_a-impure.o)
                0x200701cc                _impure_ptr
 .data.impure_data
                0x200701d0       0x60 c:/program files (x86)/atmel/studio/7.0/toolchain/arm/arm-gnu-toolchain/bin/../lib/gcc/arm-none-eabi/6.3.1/../../../../arm-none-eabi/lib/thumb/v7-m\libc_nano.a(lib_a-impure.o)
 .data.__global_locale
                0x20070230      0x16c c:/program files (x86)/atmel/studio/7.0/toolchain/arm/arm-gnu-toolchain/bin/../lib/gcc/arm-none-eabi/6.3.1/../../../../arm-none-eabi/lib/thumb/v7-m\libc_nano.a(lib_a-locale.o)
                0x20070230                __global_locale
                0x2007039c                . = ALIGN (0x4)
                0x2007039c                _erelocate = .

.bss            0x2007039c      0x2b0 load address 0x000853e4
                0x2007039c                . = ALIGN (0x4)
                0x2007039c                _sbss = .
                0x2007039c                _szero = .
 *(.bss .bss.*)
 .bss           0x2007039c       0x1c c:/program files (x86)/atmel/studio/7.0/toolchain/arm/arm-gnu-toolchain/bin/../lib/gcc/arm-none-eabi/6.3.1/thumb/v7-m/crtbegin.o
 .bss.heap.5297
                0x200703b8        0x4 src/ASF/sam/utils/syscalls/gcc/syscalls.o
 .bss.indiceMoteur
                0x200703bc        0x4 src/main.o
                0x200703bc                indiceMoteur
 .bss.tabMoteur
                0x200703c0       0x14 src/main.o
                0x200703c0                tabMoteur
 .bss           0x200703d4      0x258 ../../bibliotheque pour TPs\libTPsIUT.a(libTPIUT.o)
 .bss.__malloc_free_list
                0x2007062c        0x4 c:/program files (x86)/atmel/studio/7.0/toolchain/arm/arm-gnu-toolchain/bin/../lib/gcc/arm-none-eabi/6.3.1/../../../../arm-none-eabi/lib/thumb/v7-m\libc_nano.a(lib_a-nano-mallocr.o)
                0x2007062c                __malloc_free_list
 .bss.__malloc_sbrk_start
                0x20070630        0x4 c:/program files (x86)/atmel/studio/7.0/toolchain/arm/arm-gnu-toolchain/bin/../lib/gcc/arm-none-eabi/6.3.1/../../../../arm-none-eabi/lib/thumb/v7-m\libc_nano.a(lib_a-nano-mallocr.o)
                0x20070630                __malloc_sbrk_start
 *(COMMON)
 COMMON         0x20070634       0x14 ../../bibliotheque pour TPs\libRobot.a(robot.o)
                0x20070634                _positions_moteurs
 COMMON         0x20070648        0x4 c:/program files (x86)/atmel/studio/7.0/toolchain/arm/arm-gnu-toolchain/bin/../lib/gcc/arm-none-eabi/6.3.1/../../../../arm-none-eabi/lib/thumb/v7-m\libc_nano.a(lib_a-reent.o)
                0x20070648                errno
                0x2007064c                . = ALIGN (0x4)
                0x2007064c                _ebss = .
                0x2007064c                _ezero = .

.stack          0x2007064c     0x2004 load address 0x00085694
                0x20070650                . = ALIGN (0x8)
 *fill*         0x2007064c        0x4 
                0x20070650                _sstack = .
                0x20072650                . = (. + __stack_size__)
 *fill*         0x20070650     0x2000 
                0x20072650                . = ALIGN (0x8)
                0x20072650                _estack = .
                0x20072650                . = ALIGN (0x4)
                0x20072650                _end = .
OUTPUT(ModeleTP.elf elf32-littlearm)

.ARM.attributes
                0x00000000       0x29
 .ARM.attributes
                0x00000000       0x1d c:/program files (x86)/atmel/studio/7.0/toolchain/arm/arm-gnu-toolchain/bin/../lib/gcc/arm-none-eabi/6.3.1/thumb/v7-m/crti.o
 .ARM.attributes
                0x0000001d       0x2d c:/program files (x86)/atmel/studio/7.0/toolchain/arm/arm-gnu-toolchain/bin/../lib/gcc/arm-none-eabi/6.3.1/thumb/v7-m/crtbegin.o
 .ARM.attributes
                0x0000004a       0x33 src/ASF/common/utils/interrupt/interrupt_sam_nvic.o
 .ARM.attributes
                0x0000007d       0x33 src/ASF/sam/utils/cmsis/sam3x/source/templates/exceptions.o
 .ARM.attributes
                0x000000b0       0x33 src/ASF/sam/utils/cmsis/sam3x/source/templates/gcc/startup_sam3x.o
 .ARM.attributes
                0x000000e3       0x33 src/ASF/sam/utils/cmsis/sam3x/source/templates/system_sam3x.o
 .ARM.attributes
                0x00000116       0x33 src/ASF/sam/utils/syscalls/gcc/syscalls.o
 .ARM.attributes
                0x00000149       0x33 src/main.o
 .ARM.attributes
                0x0000017c       0x33 ../../bibliotheque pour TPs\libRobot.a(robot.o)
 .ARM.attributes
                0x000001af       0x33 ../../bibliotheque pour TPs\libTPsIUT.a(libTPIUT.o)
 .ARM.attributes
                0x000001e2       0x2d c:/program files (x86)/atmel/studio/7.0/toolchain/arm/arm-gnu-toolchain/bin/../lib/gcc/arm-none-eabi/6.3.1/../../../../arm-none-eabi/lib/thumb/v7-m\libc_nano.a(lib_a-impure.o)
 .ARM.attributes
                0x0000020f       0x2d c:/program files (x86)/atmel/studio/7.0/toolchain/arm/arm-gnu-toolchain/bin/../lib/gcc/arm-none-eabi/6.3.1/../../../../arm-none-eabi/lib/thumb/v7-m\libc_nano.a(lib_a-init.o)
 .ARM.attributes
                0x0000023c       0x2d c:/program files (x86)/atmel/studio/7.0/toolchain/arm/arm-gnu-toolchain/bin/../lib/gcc/arm-none-eabi/6.3.1/../../../../arm-none-eabi/lib/thumb/v7-m\libc_nano.a(lib_a-memset.o)
 .ARM.attributes
                0x00000269       0x2d c:/program files (x86)/atmel/studio/7.0/toolchain/arm/arm-gnu-toolchain/bin/../lib/gcc/arm-none-eabi/6.3.1/../../../../arm-none-eabi/lib/thumb/v7-m\libc_nano.a(lib_a-nano-vfprintf_float.o)
 .ARM.attributes
                0x00000296       0x2d c:/program files (x86)/atmel/studio/7.0/toolchain/arm/arm-gnu-toolchain/bin/../lib/gcc/arm-none-eabi/6.3.1/../../../../arm-none-eabi/lib/thumb/v7-m\libc_nano.a(lib_a-nano-vfprintf_i.o)
 .ARM.attributes
                0x000002c3       0x2d c:/program files (x86)/atmel/studio/7.0/toolchain/arm/arm-gnu-toolchain/bin/../lib/gcc/arm-none-eabi/6.3.1/../../../../arm-none-eabi/lib/thumb/v7-m\libc_nano.a(lib_a-puts.o)
 .ARM.attributes
                0x000002f0       0x2d c:/program files (x86)/atmel/studio/7.0/toolchain/arm/arm-gnu-toolchain/bin/../lib/gcc/arm-none-eabi/6.3.1/../../../../arm-none-eabi/lib/thumb/v7-m\libc_nano.a(lib_a-setbuf.o)
 .ARM.attributes
                0x0000031d       0x2d c:/program files (x86)/atmel/studio/7.0/toolchain/arm/arm-gnu-toolchain/bin/../lib/gcc/arm-none-eabi/6.3.1/../../../../arm-none-eabi/lib/thumb/v7-m\libc_nano.a(lib_a-setvbuf.o)
 .ARM.attributes
                0x0000034a       0x17 c:/program files (x86)/atmel/studio/7.0/toolchain/arm/arm-gnu-toolchain/bin/../lib/gcc/arm-none-eabi/6.3.1/../../../../arm-none-eabi/lib/thumb/v7-m\libc_nano.a(lib_a-strlen.o)
 .ARM.attributes
                0x00000361       0x2d c:/program files (x86)/atmel/studio/7.0/toolchain/arm/arm-gnu-toolchain/bin/../lib/gcc/arm-none-eabi/6.3.1/../../../../arm-none-eabi/lib/thumb/v7-m\libc_nano.a(lib_a-wbuf.o)
 .ARM.attributes
                0x0000038e       0x2d c:/program files (x86)/atmel/studio/7.0/toolchain/arm/arm-gnu-toolchain/bin/../lib/gcc/arm-none-eabi/6.3.1/../../../../arm-none-eabi/lib/thumb/v7-m\libc_nano.a(lib_a-wsetup.o)
 .ARM.attributes
                0x000003bb       0x2d c:/program files (x86)/atmel/studio/7.0/toolchain/arm/arm-gnu-toolchain/bin/../lib/gcc/arm-none-eabi/6.3.1/../../../../arm-none-eabi/lib/thumb/v7-m\libc_nano.a(lib_a-dtoa.o)
 .ARM.attributes
                0x000003e8       0x2d c:/program files (x86)/atmel/studio/7.0/toolchain/arm/arm-gnu-toolchain/bin/../lib/gcc/arm-none-eabi/6.3.1/../../../../arm-none-eabi/lib/thumb/v7-m\libc_nano.a(lib_a-fflush.o)
 .ARM.attributes
                0x00000415       0x2d c:/program files (x86)/atmel/studio/7.0/toolchain/arm/arm-gnu-toolchain/bin/../lib/gcc/arm-none-eabi/6.3.1/../../../../arm-none-eabi/lib/thumb/v7-m\libc_nano.a(lib_a-findfp.o)
 .ARM.attributes
                0x00000442       0x2d c:/program files (x86)/atmel/studio/7.0/toolchain/arm/arm-gnu-toolchain/bin/../lib/gcc/arm-none-eabi/6.3.1/../../../../arm-none-eabi/lib/thumb/v7-m\libc_nano.a(lib_a-fwalk.o)
 .ARM.attributes
                0x0000046f       0x2d c:/program files (x86)/atmel/studio/7.0/toolchain/arm/arm-gnu-toolchain/bin/../lib/gcc/arm-none-eabi/6.3.1/../../../../arm-none-eabi/lib/thumb/v7-m\libc_nano.a(lib_a-localeconv.o)
 .ARM.attributes
                0x0000049c       0x2d c:/program files (x86)/atmel/studio/7.0/toolchain/arm/arm-gnu-toolchain/bin/../lib/gcc/arm-none-eabi/6.3.1/../../../../arm-none-eabi/lib/thumb/v7-m\libc_nano.a(lib_a-makebuf.o)
 .ARM.attributes
                0x000004c9       0x2d c:/program files (x86)/atmel/studio/7.0/toolchain/arm/arm-gnu-toolchain/bin/../lib/gcc/arm-none-eabi/6.3.1/../../../../arm-none-eabi/lib/thumb/v7-m\libc_nano.a(lib_a-malloc.o)
 .ARM.attributes
                0x000004f6       0x2d c:/program files (x86)/atmel/studio/7.0/toolchain/arm/arm-gnu-toolchain/bin/../lib/gcc/arm-none-eabi/6.3.1/../../../../arm-none-eabi/lib/thumb/v7-m\libc_nano.a(lib_a-memcpy-stub.o)
 .ARM.attributes
                0x00000523       0x2d c:/program files (x86)/atmel/studio/7.0/toolchain/arm/arm-gnu-toolchain/bin/../lib/gcc/arm-none-eabi/6.3.1/../../../../arm-none-eabi/lib/thumb/v7-m\libc_nano.a(lib_a-mprec.o)
 .ARM.attributes
                0x00000550       0x2d c:/program files (x86)/atmel/studio/7.0/toolchain/arm/arm-gnu-toolchain/bin/../lib/gcc/arm-none-eabi/6.3.1/../../../../arm-none-eabi/lib/thumb/v7-m\libc_nano.a(lib_a-nano-callocr.o)
 .ARM.attributes
                0x0000057d       0x2d c:/program files (x86)/atmel/studio/7.0/toolchain/arm/arm-gnu-toolchain/bin/../lib/gcc/arm-none-eabi/6.3.1/../../../../arm-none-eabi/lib/thumb/v7-m\libc_nano.a(lib_a-nano-freer.o)
 .ARM.attributes
                0x000005aa       0x2d c:/program files (x86)/atmel/studio/7.0/toolchain/arm/arm-gnu-toolchain/bin/../lib/gcc/arm-none-eabi/6.3.1/../../../../arm-none-eabi/lib/thumb/v7-m\libc_nano.a(lib_a-nano-mallocr.o)
 .ARM.attributes
                0x000005d7       0x2d c:/program files (x86)/atmel/studio/7.0/toolchain/arm/arm-gnu-toolchain/bin/../lib/gcc/arm-none-eabi/6.3.1/../../../../arm-none-eabi/lib/thumb/v7-m\libc_nano.a(lib_a-sbrkr.o)
 .ARM.attributes
                0x00000604       0x2d c:/program files (x86)/atmel/studio/7.0/toolchain/arm/arm-gnu-toolchain/bin/../lib/gcc/arm-none-eabi/6.3.1/../../../../arm-none-eabi/lib/thumb/v7-m\libc_nano.a(lib_a-stdio.o)
 .ARM.attributes
                0x00000631       0x2d c:/program files (x86)/atmel/studio/7.0/toolchain/arm/arm-gnu-toolchain/bin/../lib/gcc/arm-none-eabi/6.3.1/../../../../arm-none-eabi/lib/thumb/v7-m\libc_nano.a(lib_a-writer.o)
 .ARM.attributes
                0x0000065e       0x2d c:/program files (x86)/atmel/studio/7.0/toolchain/arm/arm-gnu-toolchain/bin/../lib/gcc/arm-none-eabi/6.3.1/../../../../arm-none-eabi/lib/thumb/v7-m\libc_nano.a(lib_a-closer.o)
 .ARM.attributes
                0x0000068b       0x2d c:/program files (x86)/atmel/studio/7.0/toolchain/arm/arm-gnu-toolchain/bin/../lib/gcc/arm-none-eabi/6.3.1/../../../../arm-none-eabi/lib/thumb/v7-m\libc_nano.a(lib_a-fstatr.o)
 .ARM.attributes
                0x000006b8       0x2d c:/program files (x86)/atmel/studio/7.0/toolchain/arm/arm-gnu-toolchain/bin/../lib/gcc/arm-none-eabi/6.3.1/../../../../arm-none-eabi/lib/thumb/v7-m\libc_nano.a(lib_a-isattyr.o)
 .ARM.attributes
                0x000006e5       0x2d c:/program files (x86)/atmel/studio/7.0/toolchain/arm/arm-gnu-toolchain/bin/../lib/gcc/arm-none-eabi/6.3.1/../../../../arm-none-eabi/lib/thumb/v7-m\libc_nano.a(lib_a-locale.o)
 .ARM.attributes
                0x00000712       0x2d c:/program files (x86)/atmel/studio/7.0/toolchain/arm/arm-gnu-toolchain/bin/../lib/gcc/arm-none-eabi/6.3.1/../../../../arm-none-eabi/lib/thumb/v7-m\libc_nano.a(lib_a-lseekr.o)
 .ARM.attributes
                0x0000073f       0x2d c:/program files (x86)/atmel/studio/7.0/toolchain/arm/arm-gnu-toolchain/bin/../lib/gcc/arm-none-eabi/6.3.1/../../../../arm-none-eabi/lib/thumb/v7-m\libc_nano.a(lib_a-mbtowc_r.o)
 .ARM.attributes
                0x0000076c       0x2d c:/program files (x86)/atmel/studio/7.0/toolchain/arm/arm-gnu-toolchain/bin/../lib/gcc/arm-none-eabi/6.3.1/../../../../arm-none-eabi/lib/thumb/v7-m\libc_nano.a(lib_a-mlock.o)
 .ARM.attributes
                0x00000799       0x2d c:/program files (x86)/atmel/studio/7.0/toolchain/arm/arm-gnu-toolchain/bin/../lib/gcc/arm-none-eabi/6.3.1/../../../../arm-none-eabi/lib/thumb/v7-m\libc_nano.a(lib_a-readr.o)
 .ARM.attributes
                0x000007c6       0x2d c:/program files (x86)/atmel/studio/7.0/toolchain/arm/arm-gnu-toolchain/bin/../lib/gcc/arm-none-eabi/6.3.1/../../../../arm-none-eabi/lib/thumb/v7-m\libc_nano.a(lib_a-reent.o)
 .ARM.attributes
                0x000007f3       0x2d c:/program files (x86)/atmel/studio/7.0/toolchain/arm/arm-gnu-toolchain/bin/../lib/gcc/arm-none-eabi/6.3.1/../../../../arm-none-eabi/lib/thumb/v7-m\libc_nano.a(lib_a-wctomb_r.o)
 .ARM.attributes
                0x00000820       0x2d c:/program files (x86)/atmel/studio/7.0/toolchain/arm/arm-gnu-toolchain/bin/../lib/gcc/arm-none-eabi/6.3.1/../../../../arm-none-eabi/lib/thumb/v7-m\libc_nano.a(lib_a-ctype_.o)
 .ARM.attributes
                0x0000084d       0x1d c:/program files (x86)/atmel/studio/7.0/toolchain/arm/arm-gnu-toolchain/bin/../lib/gcc/arm-none-eabi/6.3.1/thumb/v7-m\libgcc.a(_arm_addsubdf3.o)
 .ARM.attributes
                0x0000086a       0x1d c:/program files (x86)/atmel/studio/7.0/toolchain/arm/arm-gnu-toolchain/bin/../lib/gcc/arm-none-eabi/6.3.1/thumb/v7-m\libgcc.a(_arm_muldivdf3.o)
 .ARM.attributes
                0x00000887       0x1d c:/program files (x86)/atmel/studio/7.0/toolchain/arm/arm-gnu-toolchain/bin/../lib/gcc/arm-none-eabi/6.3.1/thumb/v7-m\libgcc.a(_arm_cmpdf2.o)
 .ARM.attributes
                0x000008a4       0x1d c:/program files (x86)/atmel/studio/7.0/toolchain/arm/arm-gnu-toolchain/bin/../lib/gcc/arm-none-eabi/6.3.1/thumb/v7-m\libgcc.a(_arm_unorddf2.o)
 .ARM.attributes
                0x000008c1       0x1d c:/program files (x86)/atmel/studio/7.0/toolchain/arm/arm-gnu-toolchain/bin/../lib/gcc/arm-none-eabi/6.3.1/thumb/v7-m\libgcc.a(_arm_fixdfsi.o)
 .ARM.attributes
                0x000008de       0x1d c:/program files (x86)/atmel/studio/7.0/toolchain/arm/arm-gnu-toolchain/bin/../lib/gcc/arm-none-eabi/6.3.1/thumb/v7-m\libgcc.a(_arm_addsubsf3.o)
 .ARM.attributes
                0x000008fb       0x1d c:/program files (x86)/atmel/studio/7.0/toolchain/arm/arm-gnu-toolchain/bin/../lib/gcc/arm-none-eabi/6.3.1/thumb/v7-m\libgcc.a(_arm_muldivsf3.o)
 .ARM.attributes
                0x00000918       0x1d c:/program files (x86)/atmel/studio/7.0/toolchain/arm/arm-gnu-toolchain/bin/../lib/gcc/arm-none-eabi/6.3.1/thumb/v7-m\libgcc.a(_arm_cmpsf2.o)
 .ARM.attributes
                0x00000935       0x1d c:/program files (x86)/atmel/studio/7.0/toolchain/arm/arm-gnu-toolchain/bin/../lib/gcc/arm-none-eabi/6.3.1/thumb/v7-m\libgcc.a(_arm_fixunssfsi.o)
 .ARM.attributes
                0x00000952       0x1d c:/program files (x86)/atmel/studio/7.0/toolchain/arm/arm-gnu-toolchain/bin/../lib/gcc/arm-none-eabi/6.3.1/thumb/v7-m/crtn.o

.comment        0x00000000       0xb4
 .comment       0x00000000       0x59 src/ASF/common/utils/interrupt/interrupt_sam_nvic.o
                                 0x5a (size before relaxing)
 .comment       0x00000059       0x5a src/ASF/sam/utils/cmsis/sam3x/source/templates/exceptions.o
 .comment       0x00000059       0x5a src/ASF/sam/utils/cmsis/sam3x/source/templates/gcc/startup_sam3x.o
 .comment       0x00000059       0x5a src/ASF/sam/utils/cmsis/sam3x/source/templates/system_sam3x.o
 .comment       0x00000059       0x5a src/ASF/sam/utils/syscalls/gcc/syscalls.o
 .comment       0x00000059       0x5a src/main.o
 .comment       0x00000059       0x5b ../../bibliotheque pour TPs\libRobot.a(robot.o)
                                 0x5c (size before relaxing)
 .comment       0x000000b4       0x5c ../../bibliotheque pour TPs\libTPsIUT.a(libTPIUT.o)

.debug_info     0x00000000     0xafc9
 .debug_info    0x00000000      0xb01 src/ASF/common/utils/interrupt/interrupt_sam_nvic.o
 .debug_info    0x00000b01      0xa39 src/ASF/sam/utils/cmsis/sam3x/source/templates/exceptions.o
 .debug_info    0x0000153a      0xd1b src/ASF/sam/utils/cmsis/sam3x/source/templates/gcc/startup_sam3x.o
 .debug_info    0x00002255      0xdc2 src/ASF/sam/utils/cmsis/sam3x/source/templates/system_sam3x.o
 .debug_info    0x00003017      0xddf src/ASF/sam/utils/syscalls/gcc/syscalls.o
 .debug_info    0x00003df6      0xf67 src/main.o
 .debug_info    0x00004d5d      0x6df ../../bibliotheque pour TPs\libRobot.a(robot.o)
 .debug_info    0x0000543c     0x5b8d ../../bibliotheque pour TPs\libTPsIUT.a(libTPIUT.o)

.debug_abbrev   0x00000000     0x1339
 .debug_abbrev  0x00000000      0x212 src/ASF/common/utils/interrupt/interrupt_sam_nvic.o
 .debug_abbrev  0x00000212      0x1a4 src/ASF/sam/utils/cmsis/sam3x/source/templates/exceptions.o
 .debug_abbrev  0x000003b6      0x1f2 src/ASF/sam/utils/cmsis/sam3x/source/templates/gcc/startup_sam3x.o
 .debug_abbrev  0x000005a8      0x1f4 src/ASF/sam/utils/cmsis/sam3x/source/templates/system_sam3x.o
 .debug_abbrev  0x0000079c      0x264 src/ASF/sam/utils/syscalls/gcc/syscalls.o
 .debug_abbrev  0x00000a00      0x279 src/main.o
 .debug_abbrev  0x00000c79      0x194 ../../bibliotheque pour TPs\libRobot.a(robot.o)
 .debug_abbrev  0x00000e0d      0x52c ../../bibliotheque pour TPs\libTPsIUT.a(libTPIUT.o)

.debug_aranges  0x00000000      0x4a0
 .debug_aranges
                0x00000000       0x28 src/ASF/common/utils/interrupt/interrupt_sam_nvic.o
 .debug_aranges
                0x00000028       0x20 src/ASF/sam/utils/cmsis/sam3x/source/templates/exceptions.o
 .debug_aranges
                0x00000048       0x20 src/ASF/sam/utils/cmsis/sam3x/source/templates/gcc/startup_sam3x.o
 .debug_aranges
                0x00000068       0x30 src/ASF/sam/utils/cmsis/sam3x/source/templates/system_sam3x.o
 .debug_aranges
                0x00000098       0x60 src/ASF/sam/utils/syscalls/gcc/syscalls.o
 .debug_aranges
                0x000000f8       0x30 src/main.o
 .debug_aranges
                0x00000128       0x38 ../../bibliotheque pour TPs\libRobot.a(robot.o)
 .debug_aranges
                0x00000160      0x340 ../../bibliotheque pour TPs\libTPsIUT.a(libTPIUT.o)

.debug_ranges   0x00000000      0x468
 .debug_ranges  0x00000000       0x18 src/ASF/common/utils/interrupt/interrupt_sam_nvic.o
 .debug_ranges  0x00000018       0x10 src/ASF/sam/utils/cmsis/sam3x/source/templates/exceptions.o
 .debug_ranges  0x00000028       0x10 src/ASF/sam/utils/cmsis/sam3x/source/templates/gcc/startup_sam3x.o
 .debug_ranges  0x00000038       0x20 src/ASF/sam/utils/cmsis/sam3x/source/templates/system_sam3x.o
 .debug_ranges  0x00000058       0x50 src/ASF/sam/utils/syscalls/gcc/syscalls.o
 .debug_ranges  0x000000a8       0x20 src/main.o
 .debug_ranges  0x000000c8       0x40 ../../bibliotheque pour TPs\libRobot.a(robot.o)
 .debug_ranges  0x00000108      0x360 ../../bibliotheque pour TPs\libTPsIUT.a(libTPIUT.o)

.debug_macro    0x00000000    0x239ab
 .debug_macro   0x00000000      0x55a src/ASF/common/utils/interrupt/interrupt_sam_nvic.o
 .debug_macro   0x0000055a      0x8ce src/ASF/common/utils/interrupt/interrupt_sam_nvic.o
 .debug_macro   0x00000e28      0x16d src/ASF/common/utils/interrupt/interrupt_sam_nvic.o
 .debug_macro   0x00000f95      0x644 src/ASF/common/utils/interrupt/interrupt_sam_nvic.o
 .debug_macro   0x000015d9       0x76 src/ASF/common/utils/interrupt/interrupt_sam_nvic.o
 .debug_macro   0x0000164f       0x16 src/ASF/common/utils/interrupt/interrupt_sam_nvic.o
 .debug_macro   0x00001665      0x6e4 src/ASF/common/utils/interrupt/interrupt_sam_nvic.o
 .debug_macro   0x00001d49       0x22 src/ASF/common/utils/interrupt/interrupt_sam_nvic.o
 .debug_macro   0x00001d6b       0x87 src/ASF/common/utils/interrupt/interrupt_sam_nvic.o
 .debug_macro   0x00001df2       0x51 src/ASF/common/utils/interrupt/interrupt_sam_nvic.o
 .debug_macro   0x00001e43       0xef src/ASF/common/utils/interrupt/interrupt_sam_nvic.o
 .debug_macro   0x00001f32       0x6a src/ASF/common/utils/interrupt/interrupt_sam_nvic.o
 .debug_macro   0x00001f9c      0x1df src/ASF/common/utils/interrupt/interrupt_sam_nvic.o
 .debug_macro   0x0000217b       0x20 src/ASF/common/utils/interrupt/interrupt_sam_nvic.o
 .debug_macro   0x0000219b       0x3a src/ASF/common/utils/interrupt/interrupt_sam_nvic.o
 .debug_macro   0x000021d5       0x2d src/ASF/common/utils/interrupt/interrupt_sam_nvic.o
 .debug_macro   0x00002202      0xbb1 src/ASF/common/utils/interrupt/interrupt_sam_nvic.o
 .debug_macro   0x00002db3      0xab6 src/ASF/common/utils/interrupt/interrupt_sam_nvic.o
 .debug_macro   0x00003869      0x569 src/ASF/common/utils/interrupt/interrupt_sam_nvic.o
 .debug_macro   0x00003dd2      0x2b5 src/ASF/common/utils/interrupt/interrupt_sam_nvic.o
 .debug_macro   0x00004087      0x31a src/ASF/common/utils/interrupt/interrupt_sam_nvic.o
 .debug_macro   0x000043a1      0x74f src/ASF/common/utils/interrupt/interrupt_sam_nvic.o
 .debug_macro   0x00004af0       0x82 src/ASF/common/utils/interrupt/interrupt_sam_nvic.o
 .debug_macro   0x00004b72      0x57b src/ASF/common/utils/interrupt/interrupt_sam_nvic.o
 .debug_macro   0x000050ed       0x1c src/ASF/common/utils/interrupt/interrupt_sam_nvic.o
 .debug_macro   0x00005109      0x6b7 src/ASF/common/utils/interrupt/interrupt_sam_nvic.o
 .debug_macro   0x000057c0      0x52d src/ASF/common/utils/interrupt/interrupt_sam_nvic.o
 .debug_macro   0x00005ced       0xbe src/ASF/common/utils/interrupt/interrupt_sam_nvic.o
 .debug_macro   0x00005dab     0x2342 src/ASF/common/utils/interrupt/interrupt_sam_nvic.o
 .debug_macro   0x000080ed      0x85d src/ASF/common/utils/interrupt/interrupt_sam_nvic.o
 .debug_macro   0x0000894a      0xdc9 src/ASF/common/utils/interrupt/interrupt_sam_nvic.o
 .debug_macro   0x00009713       0x7c src/ASF/common/utils/interrupt/interrupt_sam_nvic.o
 .debug_macro   0x0000978f      0x263 src/ASF/common/utils/interrupt/interrupt_sam_nvic.o
 .debug_macro   0x000099f2       0x58 src/ASF/common/utils/interrupt/interrupt_sam_nvic.o
 .debug_macro   0x00009a4a      0x9a7 src/ASF/common/utils/interrupt/interrupt_sam_nvic.o
 .debug_macro   0x0000a3f1      0x248 src/ASF/common/utils/interrupt/interrupt_sam_nvic.o
 .debug_macro   0x0000a639      0x4df src/ASF/common/utils/interrupt/interrupt_sam_nvic.o
 .debug_macro   0x0000ab18      0x6b3 src/ASF/common/utils/interrupt/interrupt_sam_nvic.o
 .debug_macro   0x0000b1cb      0x59f src/ASF/common/utils/interrupt/interrupt_sam_nvic.o
 .debug_macro   0x0000b76a       0x46 src/ASF/common/utils/interrupt/interrupt_sam_nvic.o
 .debug_macro   0x0000b7b0      0x34d src/ASF/common/utils/interrupt/interrupt_sam_nvic.o
 .debug_macro   0x0000bafd      0x28c src/ASF/common/utils/interrupt/interrupt_sam_nvic.o
 .debug_macro   0x0000bd89     0x14d7 src/ASF/common/utils/interrupt/interrupt_sam_nvic.o
 .debug_macro   0x0000d260      0x7ba src/ASF/common/utils/interrupt/interrupt_sam_nvic.o
 .debug_macro   0x0000da1a       0x76 src/ASF/common/utils/interrupt/interrupt_sam_nvic.o
 .debug_macro   0x0000da90       0x82 src/ASF/common/utils/interrupt/interrupt_sam_nvic.o
 .debug_macro   0x0000db12       0x76 src/ASF/common/utils/interrupt/interrupt_sam_nvic.o
 .debug_macro   0x0000db88       0x4c src/ASF/common/utils/interrupt/interrupt_sam_nvic.o
 .debug_macro   0x0000dbd4      0x105 src/ASF/common/utils/interrupt/interrupt_sam_nvic.o
 .debug_macro   0x0000dcd9      0x105 src/ASF/common/utils/interrupt/interrupt_sam_nvic.o
 .debug_macro   0x0000ddde      0x105 src/ASF/common/utils/interrupt/interrupt_sam_nvic.o
 .debug_macro   0x0000dee3       0x88 src/ASF/common/utils/interrupt/interrupt_sam_nvic.o
 .debug_macro   0x0000df6b       0x88 src/ASF/common/utils/interrupt/interrupt_sam_nvic.o
 .debug_macro   0x0000dff3      0x3b4 src/ASF/common/utils/interrupt/interrupt_sam_nvic.o
 .debug_macro   0x0000e3a7       0xb8 src/ASF/common/utils/interrupt/interrupt_sam_nvic.o
 .debug_macro   0x0000e45f       0xb8 src/ASF/common/utils/interrupt/interrupt_sam_nvic.o
 .debug_macro   0x0000e517       0xb8 src/ASF/common/utils/interrupt/interrupt_sam_nvic.o
 .debug_macro   0x0000e5cf       0xb8 src/ASF/common/utils/interrupt/interrupt_sam_nvic.o
 .debug_macro   0x0000e687      0x2b8 src/ASF/common/utils/interrupt/interrupt_sam_nvic.o
 .debug_macro   0x0000e93f      0x125 src/ASF/common/utils/interrupt/interrupt_sam_nvic.o
 .debug_macro   0x0000ea64      0x225 src/ASF/common/utils/interrupt/interrupt_sam_nvic.o
 .debug_macro   0x0000ec89      0x225 src/ASF/common/utils/interrupt/interrupt_sam_nvic.o
 .debug_macro   0x0000eeae       0x2e src/ASF/common/utils/interrupt/interrupt_sam_nvic.o
 .debug_macro   0x0000eedc       0xac src/ASF/common/utils/interrupt/interrupt_sam_nvic.o
 .debug_macro   0x0000ef88      0x14d src/ASF/common/utils/interrupt/interrupt_sam_nvic.o
 .debug_macro   0x0000f0d5       0x7c src/ASF/common/utils/interrupt/interrupt_sam_nvic.o
 .debug_macro   0x0000f151      0x205 src/ASF/common/utils/interrupt/interrupt_sam_nvic.o
 .debug_macro   0x0000f356       0x64 src/ASF/common/utils/interrupt/interrupt_sam_nvic.o
 .debug_macro   0x0000f3ba       0xa6 src/ASF/common/utils/interrupt/interrupt_sam_nvic.o
 .debug_macro   0x0000f460       0x7c src/ASF/common/utils/interrupt/interrupt_sam_nvic.o
 .debug_macro   0x0000f4dc       0x16 src/ASF/common/utils/interrupt/interrupt_sam_nvic.o
 .debug_macro   0x0000f4f2       0x22 src/ASF/common/utils/interrupt/interrupt_sam_nvic.o
 .debug_macro   0x0000f514       0x22 src/ASF/common/utils/interrupt/interrupt_sam_nvic.o
 .debug_macro   0x0000f536      0x115 src/ASF/common/utils/interrupt/interrupt_sam_nvic.o
 .debug_macro   0x0000f64b      0x115 src/ASF/common/utils/interrupt/interrupt_sam_nvic.o
 .debug_macro   0x0000f760      0x115 src/ASF/common/utils/interrupt/interrupt_sam_nvic.o
 .debug_macro   0x0000f875      0x115 src/ASF/common/utils/interrupt/interrupt_sam_nvic.o
 .debug_macro   0x0000f98a       0x1c src/ASF/common/utils/interrupt/interrupt_sam_nvic.o
 .debug_macro   0x0000f9a6       0x2e src/ASF/common/utils/interrupt/interrupt_sam_nvic.o
 .debug_macro   0x0000f9d4       0x22 src/ASF/common/utils/interrupt/interrupt_sam_nvic.o
 .debug_macro   0x0000f9f6       0x1c src/ASF/common/utils/interrupt/interrupt_sam_nvic.o
 .debug_macro   0x0000fa12       0x58 src/ASF/common/utils/interrupt/interrupt_sam_nvic.o
 .debug_macro   0x0000fa6a       0x10 src/ASF/common/utils/interrupt/interrupt_sam_nvic.o
 .debug_macro   0x0000fa7a      0x273 src/ASF/common/utils/interrupt/interrupt_sam_nvic.o
 .debug_macro   0x0000fced      0xd43 src/ASF/common/utils/interrupt/interrupt_sam_nvic.o
 .debug_macro   0x00010a30      0x131 src/ASF/common/utils/interrupt/interrupt_sam_nvic.o
 .debug_macro   0x00010b61       0x58 src/ASF/common/utils/interrupt/interrupt_sam_nvic.o
 .debug_macro   0x00010bb9       0x35 src/ASF/common/utils/interrupt/interrupt_sam_nvic.o
 .debug_macro   0x00010bee       0x9c src/ASF/common/utils/interrupt/interrupt_sam_nvic.o
 .debug_macro   0x00010c8a       0x16 src/ASF/common/utils/interrupt/interrupt_sam_nvic.o
 .debug_macro   0x00010ca0       0x35 src/ASF/common/utils/interrupt/interrupt_sam_nvic.o
 .debug_macro   0x00010cd5      0x353 src/ASF/common/utils/interrupt/interrupt_sam_nvic.o
 .debug_macro   0x00011028       0x10 src/ASF/common/utils/interrupt/interrupt_sam_nvic.o
 .debug_macro   0x00011038       0x58 src/ASF/common/utils/interrupt/interrupt_sam_nvic.o
 .debug_macro   0x00011090       0x1f src/ASF/common/utils/interrupt/interrupt_sam_nvic.o
 .debug_macro   0x000110af       0x43 src/ASF/common/utils/interrupt/interrupt_sam_nvic.o
 .debug_macro   0x000110f2       0x20 src/ASF/common/utils/interrupt/interrupt_sam_nvic.o
 .debug_macro   0x00011112      0x187 src/ASF/common/utils/interrupt/interrupt_sam_nvic.o
 .debug_macro   0x00011299       0x10 src/ASF/common/utils/interrupt/interrupt_sam_nvic.o
 .debug_macro   0x000112a9       0x1c src/ASF/common/utils/interrupt/interrupt_sam_nvic.o
 .debug_macro   0x000112c5       0x52 src/ASF/common/utils/interrupt/interrupt_sam_nvic.o
 .debug_macro   0x00011317       0x40 src/ASF/common/utils/interrupt/interrupt_sam_nvic.o
 .debug_macro   0x00011357       0x10 src/ASF/common/utils/interrupt/interrupt_sam_nvic.o
 .debug_macro   0x00011367       0x40 src/ASF/common/utils/interrupt/interrupt_sam_nvic.o
 .debug_macro   0x000113a7       0xd7 src/ASF/common/utils/interrupt/interrupt_sam_nvic.o
 .debug_macro   0x0001147e       0x16 src/ASF/common/utils/interrupt/interrupt_sam_nvic.o
 .debug_macro   0x00011494      0x18b src/ASF/common/utils/interrupt/interrupt_sam_nvic.o
 .debug_macro   0x0001161f       0x22 src/ASF/common/utils/interrupt/interrupt_sam_nvic.o
 .debug_macro   0x00011641       0x16 src/ASF/common/utils/interrupt/interrupt_sam_nvic.o
 .debug_macro   0x00011657       0x16 src/ASF/common/utils/interrupt/interrupt_sam_nvic.o
 .debug_macro   0x0001166d       0x29 src/ASF/common/utils/interrupt/interrupt_sam_nvic.o
 .debug_macro   0x00011696       0x75 src/ASF/common/utils/interrupt/interrupt_sam_nvic.o
 .debug_macro   0x0001170b      0x3ca src/ASF/common/utils/interrupt/interrupt_sam_nvic.o
 .debug_macro   0x00011ad5       0x3f src/ASF/common/utils/interrupt/interrupt_sam_nvic.o
 .debug_macro   0x00011b14      0x564 src/ASF/sam/utils/cmsis/sam3x/source/templates/exceptions.o
 .debug_macro   0x00012078      0x572 src/ASF/sam/utils/cmsis/sam3x/source/templates/gcc/startup_sam3x.o
 .debug_macro   0x000125ea      0x572 src/ASF/sam/utils/cmsis/sam3x/source/templates/system_sam3x.o
 .debug_macro   0x00012b5c       0x26 src/ASF/sam/utils/cmsis/sam3x/source/templates/system_sam3x.o
 .debug_macro   0x00012b82      0x1d6 src/ASF/sam/utils/syscalls/gcc/syscalls.o
 .debug_macro   0x00012d58       0x52 src/ASF/sam/utils/syscalls/gcc/syscalls.o
 .debug_macro   0x00012daa       0x8d src/ASF/sam/utils/syscalls/gcc/syscalls.o
 .debug_macro   0x00012e37       0x57 src/ASF/sam/utils/syscalls/gcc/syscalls.o
 .debug_macro   0x00012e8e       0x97 src/ASF/sam/utils/syscalls/gcc/syscalls.o
 .debug_macro   0x00012f25       0xf6 src/ASF/sam/utils/syscalls/gcc/syscalls.o
 .debug_macro   0x0001301b       0x4c src/ASF/sam/utils/syscalls/gcc/syscalls.o
 .debug_macro   0x00013067       0x16 src/ASF/sam/utils/syscalls/gcc/syscalls.o
 .debug_macro   0x0001307d       0x10 src/ASF/sam/utils/syscalls/gcc/syscalls.o
 .debug_macro   0x0001308d       0x10 src/ASF/sam/utils/syscalls/gcc/syscalls.o
 .debug_macro   0x0001309d       0x35 src/ASF/sam/utils/syscalls/gcc/syscalls.o
 .debug_macro   0x000130d2      0x122 src/ASF/sam/utils/syscalls/gcc/syscalls.o
 .debug_macro   0x000131f4      0x57b src/main.o
 .debug_macro   0x0001376f      0x275 src/main.o
 .debug_macro   0x000139e4       0xe4 src/main.o
 .debug_macro   0x00013ac8       0x8e src/main.o
 .debug_macro   0x00013b56      0x54d ../../bibliotheque pour TPs\libRobot.a(robot.o)
 .debug_macro   0x000140a3      0x874 ../../bibliotheque pour TPs\libRobot.a(robot.o)
 .debug_macro   0x00014917      0x166 ../../bibliotheque pour TPs\libRobot.a(robot.o)
 .debug_macro   0x00014a7d       0x22 ../../bibliotheque pour TPs\libRobot.a(robot.o)
 .debug_macro   0x00014a9f       0x44 ../../bibliotheque pour TPs\libRobot.a(robot.o)
 .debug_macro   0x00014ae3       0x58 ../../bibliotheque pour TPs\libRobot.a(robot.o)
 .debug_macro   0x00014b3b       0x22 ../../bibliotheque pour TPs\libRobot.a(robot.o)
 .debug_macro   0x00014b5d      0x1df ../../bibliotheque pour TPs\libRobot.a(robot.o)
 .debug_macro   0x00014d3c       0x20 ../../bibliotheque pour TPs\libRobot.a(robot.o)
 .debug_macro   0x00014d5c      0xa7d ../../bibliotheque pour TPs\libRobot.a(robot.o)
 .debug_macro   0x000157d9      0x55a ../../bibliotheque pour TPs\libRobot.a(robot.o)
 .debug_macro   0x00015d33      0x1a8 ../../bibliotheque pour TPs\libRobot.a(robot.o)
 .debug_macro   0x00015edb      0x30b ../../bibliotheque pour TPs\libRobot.a(robot.o)
 .debug_macro   0x000161e6      0x709 ../../bibliotheque pour TPs\libRobot.a(robot.o)
 .debug_macro   0x000168ef       0xd6 ../../bibliotheque pour TPs\libRobot.a(robot.o)
 .debug_macro   0x000169c5      0x56c ../../bibliotheque pour TPs\libRobot.a(robot.o)
 .debug_macro   0x00016f31       0x1c ../../bibliotheque pour TPs\libRobot.a(robot.o)
 .debug_macro   0x00016f4d      0x678 ../../bibliotheque pour TPs\libRobot.a(robot.o)
 .debug_macro   0x000175c5      0x51e ../../bibliotheque pour TPs\libRobot.a(robot.o)
 .debug_macro   0x00017ae3       0xbe ../../bibliotheque pour TPs\libRobot.a(robot.o)
 .debug_macro   0x00017ba1     0x2333 ../../bibliotheque pour TPs\libRobot.a(robot.o)
 .debug_macro   0x00019ed4      0x7d1 ../../bibliotheque pour TPs\libRobot.a(robot.o)
 .debug_macro   0x0001a6a5      0xdbb ../../bibliotheque pour TPs\libRobot.a(robot.o)
 .debug_macro   0x0001b460       0x9a ../../bibliotheque pour TPs\libRobot.a(robot.o)
 .debug_macro   0x0001b4fa      0x29c ../../bibliotheque pour TPs\libRobot.a(robot.o)
 .debug_macro   0x0001b796       0x58 ../../bibliotheque pour TPs\libRobot.a(robot.o)
 .debug_macro   0x0001b7ee      0x999 ../../bibliotheque pour TPs\libRobot.a(robot.o)
 .debug_macro   0x0001c187      0x22d ../../bibliotheque pour TPs\libRobot.a(robot.o)
 .debug_macro   0x0001c3b4      0x4b4 ../../bibliotheque pour TPs\libRobot.a(robot.o)
 .debug_macro   0x0001c868      0x64a ../../bibliotheque pour TPs\libRobot.a(robot.o)
 .debug_macro   0x0001ceb2      0x590 ../../bibliotheque pour TPs\libRobot.a(robot.o)
 .debug_macro   0x0001d442       0x46 ../../bibliotheque pour TPs\libRobot.a(robot.o)
 .debug_macro   0x0001d488      0x33f ../../bibliotheque pour TPs\libRobot.a(robot.o)
 .debug_macro   0x0001d7c7      0x27e ../../bibliotheque pour TPs\libRobot.a(robot.o)
 .debug_macro   0x0001da45     0x14dc ../../bibliotheque pour TPs\libRobot.a(robot.o)
 .debug_macro   0x0001ef21      0x7cf ../../bibliotheque pour TPs\libRobot.a(robot.o)
 .debug_macro   0x0001f6f0       0x76 ../../bibliotheque pour TPs\libRobot.a(robot.o)
 .debug_macro   0x0001f766       0x82 ../../bibliotheque pour TPs\libRobot.a(robot.o)
 .debug_macro   0x0001f7e8       0x76 ../../bibliotheque pour TPs\libRobot.a(robot.o)
 .debug_macro   0x0001f85e       0x4c ../../bibliotheque pour TPs\libRobot.a(robot.o)
 .debug_macro   0x0001f8aa      0x100 ../../bibliotheque pour TPs\libRobot.a(robot.o)
 .debug_macro   0x0001f9aa      0x100 ../../bibliotheque pour TPs\libRobot.a(robot.o)
 .debug_macro   0x0001faaa      0x100 ../../bibliotheque pour TPs\libRobot.a(robot.o)
 .debug_macro   0x0001fbaa       0x88 ../../bibliotheque pour TPs\libRobot.a(robot.o)
 .debug_macro   0x0001fc32       0x88 ../../bibliotheque pour TPs\libRobot.a(robot.o)
 .debug_macro   0x0001fcba      0x3b4 ../../bibliotheque pour TPs\libRobot.a(robot.o)
 .debug_macro   0x0002006e       0xbe ../../bibliotheque pour TPs\libRobot.a(robot.o)
 .debug_macro   0x0002012c       0xbe ../../bibliotheque pour TPs\libRobot.a(robot.o)
 .debug_macro   0x000201ea       0xbe ../../bibliotheque pour TPs\libRobot.a(robot.o)
 .debug_macro   0x000202a8       0xbe ../../bibliotheque pour TPs\libRobot.a(robot.o)
 .debug_macro   0x00020366      0x2b8 ../../bibliotheque pour TPs\libRobot.a(robot.o)
 .debug_macro   0x0002061e      0x118 ../../bibliotheque pour TPs\libRobot.a(robot.o)
 .debug_macro   0x00020736      0x216 ../../bibliotheque pour TPs\libRobot.a(robot.o)
 .debug_macro   0x0002094c      0x216 ../../bibliotheque pour TPs\libRobot.a(robot.o)
 .debug_macro   0x00020b62       0x2e ../../bibliotheque pour TPs\libRobot.a(robot.o)
 .debug_macro   0x00020b90       0xac ../../bibliotheque pour TPs\libRobot.a(robot.o)
 .debug_macro   0x00020c3c      0x13e ../../bibliotheque pour TPs\libRobot.a(robot.o)
 .debug_macro   0x00020d7a       0x7c ../../bibliotheque pour TPs\libRobot.a(robot.o)
 .debug_macro   0x00020df6      0x1f6 ../../bibliotheque pour TPs\libRobot.a(robot.o)
 .debug_macro   0x00020fec       0x64 ../../bibliotheque pour TPs\libRobot.a(robot.o)
 .debug_macro   0x00021050       0xa6 ../../bibliotheque pour TPs\libRobot.a(robot.o)
 .debug_macro   0x000210f6       0x7c ../../bibliotheque pour TPs\libRobot.a(robot.o)
 .debug_macro   0x00021172       0x16 ../../bibliotheque pour TPs\libRobot.a(robot.o)
 .debug_macro   0x00021188       0x22 ../../bibliotheque pour TPs\libRobot.a(robot.o)
 .debug_macro   0x000211aa       0x22 ../../bibliotheque pour TPs\libRobot.a(robot.o)
 .debug_macro   0x000211cc      0x10c ../../bibliotheque pour TPs\libRobot.a(robot.o)
 .debug_macro   0x000212d8      0x10c ../../bibliotheque pour TPs\libRobot.a(robot.o)
 .debug_macro   0x000213e4      0x10c ../../bibliotheque pour TPs\libRobot.a(robot.o)
 .debug_macro   0x000214f0      0x10c ../../bibliotheque pour TPs\libRobot.a(robot.o)
 .debug_macro   0x000215fc       0x1c ../../bibliotheque pour TPs\libRobot.a(robot.o)
 .debug_macro   0x00021618       0x2e ../../bibliotheque pour TPs\libRobot.a(robot.o)
 .debug_macro   0x00021646       0x22 ../../bibliotheque pour TPs\libRobot.a(robot.o)
 .debug_macro   0x00021668       0x1c ../../bibliotheque pour TPs\libRobot.a(robot.o)
 .debug_macro   0x00021684       0x58 ../../bibliotheque pour TPs\libRobot.a(robot.o)
 .debug_macro   0x000216dc       0x10 ../../bibliotheque pour TPs\libRobot.a(robot.o)
 .debug_macro   0x000216ec      0x27a ../../bibliotheque pour TPs\libRobot.a(robot.o)
 .debug_macro   0x00021966      0xd34 ../../bibliotheque pour TPs\libRobot.a(robot.o)
 .debug_macro   0x0002269a      0x170 ../../bibliotheque pour TPs\libRobot.a(robot.o)
 .debug_macro   0x0002280a       0x58 ../../bibliotheque pour TPs\libRobot.a(robot.o)
 .debug_macro   0x00022862       0x35 ../../bibliotheque pour TPs\libRobot.a(robot.o)
 .debug_macro   0x00022897       0x35 ../../bibliotheque pour TPs\libRobot.a(robot.o)
 .debug_macro   0x000228cc      0x29d ../../bibliotheque pour TPs\libRobot.a(robot.o)
 .debug_macro   0x00022b69       0x52 ../../bibliotheque pour TPs\libRobot.a(robot.o)
 .debug_macro   0x00022bbb       0x16 ../../bibliotheque pour TPs\libRobot.a(robot.o)
 .debug_macro   0x00022bd1       0x43 ../../bibliotheque pour TPs\libRobot.a(robot.o)
 .debug_macro   0x00022c14      0x180 ../../bibliotheque pour TPs\libRobot.a(robot.o)
 .debug_macro   0x00022d94       0x10 ../../bibliotheque pour TPs\libRobot.a(robot.o)
 .debug_macro   0x00022da4       0x22 ../../bibliotheque pour TPs\libRobot.a(robot.o)
 .debug_macro   0x00022dc6       0xbe ../../bibliotheque pour TPs\libRobot.a(robot.o)
 .debug_macro   0x00022e84      0x197 ../../bibliotheque pour TPs\libRobot.a(robot.o)
 .debug_macro   0x0002301b       0x22 ../../bibliotheque pour TPs\libRobot.a(robot.o)
 .debug_macro   0x0002303d       0x29 ../../bibliotheque pour TPs\libRobot.a(robot.o)
 .debug_macro   0x00023066       0xe4 ../../bibliotheque pour TPs\libRobot.a(robot.o)
 .debug_macro   0x0002314a      0x63f ../../bibliotheque pour TPs\libTPsIUT.a(libTPIUT.o)
 .debug_macro   0x00023789       0x4a ../../bibliotheque pour TPs\libTPsIUT.a(libTPIUT.o)
 .debug_macro   0x000237d3       0x97 ../../bibliotheque pour TPs\libTPsIUT.a(libTPIUT.o)
 .debug_macro   0x0002386a       0xef ../../bibliotheque pour TPs\libTPsIUT.a(libTPIUT.o)
 .debug_macro   0x00023959       0x52 ../../bibliotheque pour TPs\libTPsIUT.a(libTPIUT.o)

.debug_line     0x00000000     0x63e4
 .debug_line    0x00000000      0xb62 src/ASF/common/utils/interrupt/interrupt_sam_nvic.o
 .debug_line    0x00000b62      0xb23 src/ASF/sam/utils/cmsis/sam3x/source/templates/exceptions.o
 .debug_line    0x00001685      0xb6c src/ASF/sam/utils/cmsis/sam3x/source/templates/gcc/startup_sam3x.o
 .debug_line    0x000021f1      0xb9e src/ASF/sam/utils/cmsis/sam3x/source/templates/system_sam3x.o
 .debug_line    0x00002d8f      0x40b src/ASF/sam/utils/syscalls/gcc/syscalls.o
 .debug_line    0x0000319a      0xbb7 src/main.o
 .debug_line    0x00003d51      0x8fe ../../bibliotheque pour TPs\libRobot.a(robot.o)
 .debug_line    0x0000464f     0x1d95 ../../bibliotheque pour TPs\libTPsIUT.a(libTPIUT.o)

.debug_str      0x00000000    0x703e7
 .debug_str     0x00000000    0x5c7d4 src/ASF/common/utils/interrupt/interrupt_sam_nvic.o
                              0x5cb56 (size before relaxing)
 .debug_str     0x0005c7d4       0x64 src/ASF/sam/utils/cmsis/sam3x/source/templates/exceptions.o
                              0x5cb1f (size before relaxing)
 .debug_str     0x0005c838      0x141 src/ASF/sam/utils/cmsis/sam3x/source/templates/gcc/startup_sam3x.o
                              0x5cc1b (size before relaxing)
 .debug_str     0x0005c979      0x33c src/ASF/sam/utils/cmsis/sam3x/source/templates/system_sam3x.o
                              0x5cdf7 (size before relaxing)
 .debug_str     0x0005ccb5      0x779 src/ASF/sam/utils/syscalls/gcc/syscalls.o
                               0x73fc (size before relaxing)
 .debug_str     0x0005d42e      0xa2e src/main.o
                              0x5d55e (size before relaxing)
 .debug_str     0x0005de5c     0xfce9 ../../bibliotheque pour TPs\libRobot.a(robot.o)
                              0x5dc95 (size before relaxing)
 .debug_str     0x0006db45     0x28a2 ../../bibliotheque pour TPs\libTPsIUT.a(libTPIUT.o)
                              0x60909 (size before relaxing)

.debug_frame    0x00000000     0x1b64
 .debug_frame   0x00000000       0x30 src/ASF/common/utils/interrupt/interrupt_sam_nvic.o
 .debug_frame   0x00000030       0x20 src/ASF/sam/utils/cmsis/sam3x/source/templates/exceptions.o
 .debug_frame   0x00000050       0x28 src/ASF/sam/utils/cmsis/sam3x/source/templates/gcc/startup_sam3x.o
 .debug_frame   0x00000078       0x40 src/ASF/sam/utils/cmsis/sam3x/source/templates/system_sam3x.o
 .debug_frame   0x000000b8       0xa8 src/ASF/sam/utils/syscalls/gcc/syscalls.o
 .debug_frame   0x00000160       0x64 src/main.o
 .debug_frame   0x000001c4       0xb4 ../../bibliotheque pour TPs\libRobot.a(robot.o)
 .debug_frame   0x00000278      0xa00 ../../bibliotheque pour TPs\libTPsIUT.a(libTPIUT.o)
 .debug_frame   0x00000c78       0x2c c:/program files (x86)/atmel/studio/7.0/toolchain/arm/arm-gnu-toolchain/bin/../lib/gcc/arm-none-eabi/6.3.1/../../../../arm-none-eabi/lib/thumb/v7-m\libc_nano.a(lib_a-init.o)
 .debug_frame   0x00000ca4       0x20 c:/program files (x86)/atmel/studio/7.0/toolchain/arm/arm-gnu-toolchain/bin/../lib/gcc/arm-none-eabi/6.3.1/../../../../arm-none-eabi/lib/thumb/v7-m\libc_nano.a(lib_a-memset.o)
 .debug_frame   0x00000cc4       0x90 c:/program files (x86)/atmel/studio/7.0/toolchain/arm/arm-gnu-toolchain/bin/../lib/gcc/arm-none-eabi/6.3.1/../../../../arm-none-eabi/lib/thumb/v7-m\libc_nano.a(lib_a-nano-vfprintf_float.o)
 .debug_frame   0x00000d54       0x60 c:/program files (x86)/atmel/studio/7.0/toolchain/arm/arm-gnu-toolchain/bin/../lib/gcc/arm-none-eabi/6.3.1/../../../../arm-none-eabi/lib/thumb/v7-m\libc_nano.a(lib_a-nano-vfprintf_i.o)
 .debug_frame   0x00000db4       0x3c c:/program files (x86)/atmel/studio/7.0/toolchain/arm/arm-gnu-toolchain/bin/../lib/gcc/arm-none-eabi/6.3.1/../../../../arm-none-eabi/lib/thumb/v7-m\libc_nano.a(lib_a-puts.o)
 .debug_frame   0x00000df0       0x20 c:/program files (x86)/atmel/studio/7.0/toolchain/arm/arm-gnu-toolchain/bin/../lib/gcc/arm-none-eabi/6.3.1/../../../../arm-none-eabi/lib/thumb/v7-m\libc_nano.a(lib_a-setbuf.o)
 .debug_frame   0x00000e10       0x38 c:/program files (x86)/atmel/studio/7.0/toolchain/arm/arm-gnu-toolchain/bin/../lib/gcc/arm-none-eabi/6.3.1/../../../../arm-none-eabi/lib/thumb/v7-m\libc_nano.a(lib_a-setvbuf.o)
 .debug_frame   0x00000e48       0x40 c:/program files (x86)/atmel/studio/7.0/toolchain/arm/arm-gnu-toolchain/bin/../lib/gcc/arm-none-eabi/6.3.1/../../../../arm-none-eabi/lib/thumb/v7-m\libc_nano.a(lib_a-wbuf.o)
 .debug_frame   0x00000e88       0x2c c:/program files (x86)/atmel/studio/7.0/toolchain/arm/arm-gnu-toolchain/bin/../lib/gcc/arm-none-eabi/6.3.1/../../../../arm-none-eabi/lib/thumb/v7-m\libc_nano.a(lib_a-wsetup.o)
 .debug_frame   0x00000eb4       0x6c c:/program files (x86)/atmel/studio/7.0/toolchain/arm/arm-gnu-toolchain/bin/../lib/gcc/arm-none-eabi/6.3.1/../../../../arm-none-eabi/lib/thumb/v7-m\libc_nano.a(lib_a-dtoa.o)
 .debug_frame   0x00000f20       0x68 c:/program files (x86)/atmel/studio/7.0/toolchain/arm/arm-gnu-toolchain/bin/../lib/gcc/arm-none-eabi/6.3.1/../../../../arm-none-eabi/lib/thumb/v7-m\libc_nano.a(lib_a-fflush.o)
 .debug_frame   0x00000f88      0x11c c:/program files (x86)/atmel/studio/7.0/toolchain/arm/arm-gnu-toolchain/bin/../lib/gcc/arm-none-eabi/6.3.1/../../../../arm-none-eabi/lib/thumb/v7-m\libc_nano.a(lib_a-findfp.o)
 .debug_frame   0x000010a4       0x54 c:/program files (x86)/atmel/studio/7.0/toolchain/arm/arm-gnu-toolchain/bin/../lib/gcc/arm-none-eabi/6.3.1/../../../../arm-none-eabi/lib/thumb/v7-m\libc_nano.a(lib_a-fwalk.o)
 .debug_frame   0x000010f8       0x40 c:/program files (x86)/atmel/studio/7.0/toolchain/arm/arm-gnu-toolchain/bin/../lib/gcc/arm-none-eabi/6.3.1/../../../../arm-none-eabi/lib/thumb/v7-m\libc_nano.a(lib_a-localeconv.o)
 .debug_frame   0x00001138       0x58 c:/program files (x86)/atmel/studio/7.0/toolchain/arm/arm-gnu-toolchain/bin/../lib/gcc/arm-none-eabi/6.3.1/../../../../arm-none-eabi/lib/thumb/v7-m\libc_nano.a(lib_a-makebuf.o)
 .debug_frame   0x00001190       0x30 c:/program files (x86)/atmel/studio/7.0/toolchain/arm/arm-gnu-toolchain/bin/../lib/gcc/arm-none-eabi/6.3.1/../../../../arm-none-eabi/lib/thumb/v7-m\libc_nano.a(lib_a-malloc.o)
 .debug_frame   0x000011c0       0x28 c:/program files (x86)/atmel/studio/7.0/toolchain/arm/arm-gnu-toolchain/bin/../lib/gcc/arm-none-eabi/6.3.1/../../../../arm-none-eabi/lib/thumb/v7-m\libc_nano.a(lib_a-memcpy-stub.o)
 .debug_frame   0x000011e8      0x244 c:/program files (x86)/atmel/studio/7.0/toolchain/arm/arm-gnu-toolchain/bin/../lib/gcc/arm-none-eabi/6.3.1/../../../../arm-none-eabi/lib/thumb/v7-m\libc_nano.a(lib_a-mprec.o)
 .debug_frame   0x0000142c       0x2c c:/program files (x86)/atmel/studio/7.0/toolchain/arm/arm-gnu-toolchain/bin/../lib/gcc/arm-none-eabi/6.3.1/../../../../arm-none-eabi/lib/thumb/v7-m\libc_nano.a(lib_a-nano-callocr.o)
 .debug_frame   0x00001458       0x38 c:/program files (x86)/atmel/studio/7.0/toolchain/arm/arm-gnu-toolchain/bin/../lib/gcc/arm-none-eabi/6.3.1/../../../../arm-none-eabi/lib/thumb/v7-m\libc_nano.a(lib_a-nano-freer.o)
 .debug_frame   0x00001490       0x2c c:/program files (x86)/atmel/studio/7.0/toolchain/arm/arm-gnu-toolchain/bin/../lib/gcc/arm-none-eabi/6.3.1/../../../../arm-none-eabi/lib/thumb/v7-m\libc_nano.a(lib_a-nano-mallocr.o)
 .debug_frame   0x000014bc       0x2c c:/program files (x86)/atmel/studio/7.0/toolchain/arm/arm-gnu-toolchain/bin/../lib/gcc/arm-none-eabi/6.3.1/../../../../arm-none-eabi/lib/thumb/v7-m\libc_nano.a(lib_a-sbrkr.o)
 .debug_frame   0x000014e8       0x88 c:/program files (x86)/atmel/studio/7.0/toolchain/arm/arm-gnu-toolchain/bin/../lib/gcc/arm-none-eabi/6.3.1/../../../../arm-none-eabi/lib/thumb/v7-m\libc_nano.a(lib_a-stdio.o)
 .debug_frame   0x00001570       0x2c c:/program files (x86)/atmel/studio/7.0/toolchain/arm/arm-gnu-toolchain/bin/../lib/gcc/arm-none-eabi/6.3.1/../../../../arm-none-eabi/lib/thumb/v7-m\libc_nano.a(lib_a-writer.o)
 .debug_frame   0x0000159c       0x2c c:/program files (x86)/atmel/studio/7.0/toolchain/arm/arm-gnu-toolchain/bin/../lib/gcc/arm-none-eabi/6.3.1/../../../../arm-none-eabi/lib/thumb/v7-m\libc_nano.a(lib_a-closer.o)
 .debug_frame   0x000015c8       0x2c c:/program files (x86)/atmel/studio/7.0/toolchain/arm/arm-gnu-toolchain/bin/../lib/gcc/arm-none-eabi/6.3.1/../../../../arm-none-eabi/lib/thumb/v7-m\libc_nano.a(lib_a-fstatr.o)
 .debug_frame   0x000015f4       0x2c c:/program files (x86)/atmel/studio/7.0/toolchain/arm/arm-gnu-toolchain/bin/../lib/gcc/arm-none-eabi/6.3.1/../../../../arm-none-eabi/lib/thumb/v7-m\libc_nano.a(lib_a-isattyr.o)
 .debug_frame   0x00001620       0x68 c:/program files (x86)/atmel/studio/7.0/toolchain/arm/arm-gnu-toolchain/bin/../lib/gcc/arm-none-eabi/6.3.1/../../../../arm-none-eabi/lib/thumb/v7-m\libc_nano.a(lib_a-locale.o)
 .debug_frame   0x00001688       0x2c c:/program files (x86)/atmel/studio/7.0/toolchain/arm/arm-gnu-toolchain/bin/../lib/gcc/arm-none-eabi/6.3.1/../../../../arm-none-eabi/lib/thumb/v7-m\libc_nano.a(lib_a-lseekr.o)